<html>
<body>
<pre>
<h1>礦ision Build Log</h1>
<h2>Tool Versions:</h2>
IDE-Version: μVision V5.14.0.0
Copyright (C) 2015 ARM Ltd and ARM Germany GmbH. All rights reserved.
License Information: w c, wc, LIC=UJWP0-BV5UK-EV71R-KEM9J-WBZKQ-XPE0T
 
Tool Versions:
Toolchain:       MDK-ARM Standard  Version: 5.14.0.0
Toolchain Path:  C:\Keil_v5\ARM\ARMCC\Bin
C Compiler:      Armcc.exe V5.05 update 1 (build 106)
Assembler:       Armasm.exe V5.05 update 1 (build 106)
Linker/Locator:  ArmLink.exe V5.05 update 1 (build 106)
Library Manager: ArmAr.exe V5.05 update 1 (build 106)
Hex Converter:   FromElf.exe V5.05 update 1 (build 106)
CPU DLL:         SARMCM3.DLL V5.14.0.0
Dialog DLL:      DARMSTM.DLL V1.65.0.0
Target DLL:      UL2CM3.DLL V1.155.0.0
Dialog DLL:      TARMSTM.DLL V1.64.0.0
 
<h2>Project:</h2>
D:\STM32差速openmv - 副本\USER\dayurobot_r2_af.uvprojx
Project File Date:  08/03/2023

<h2>Output:</h2>
Build target 'Target 1'
compiling stm32f10x_it.c...
compiling main.c...
compiling system_stm32f10x.c...
compiling delay.c...
compiling sys.c...
compiling usart.c...
compiling core_cm3.c...
compiling LED.C...
compiling key.c...
compiling control.c...
..\HARDWARE\control\control.c(31): warning:  #177-D: variable "Voltage_Counter" was declared but never referenced
        static u8 Voltage_Counter=0;
..\HARDWARE\control\control.c: 1 warning, 0 errors
compiling encoder.c...
compiling motor.c...
compiling pwm.c...
compiling adc.c...
compiling timer.c...
compiling oled.c...
compiling SR04.c...
..\HARDWARE\SR04\SR04.c(49): warning:  #177-D: variable "told" was declared but never referenced
        u32 told,tnow;
..\HARDWARE\SR04\SR04.c: 1 warning, 0 errors
compiling ps2.c...
compiling usart2.c...
..\HARDWARE\USART2\usart2.c(153): warning:  #550-D: variable "Uart_Receive" was set but never used
                static int Uart_Receive[200]={0};//蓝牙接收相关变量
..\HARDWARE\USART2\usart2.c: 1 warning, 0 errors
compiling mpu6050.c...
compiling mpuiic.c...
compiling inv_mpu.c...
compiling inv_mpu_dmp_motion_driver.c...
compiling jkd_oled.c...
assembling startup_stm32f10x_md.s...
compiling misc.c...
compiling stm32f10x_adc.c...
compiling stm32f10x_bkp.c...
compiling stm32f10x_can.c...
compiling stm32f10x_cec.c...
compiling stm32f10x_crc.c...
compiling stm32f10x_dac.c...
compiling stm32f10x_dbgmcu.c...
compiling stm32f10x_dma.c...
compiling stm32f10x_exti.c...
compiling stm32f10x_flash.c...
compiling stm32f10x_fsmc.c...
compiling stm32f10x_gpio.c...
compiling stm32f10x_i2c.c...
compiling stm32f10x_iwdg.c...
compiling stm32f10x_pwr.c...
compiling stm32f10x_rcc.c...
compiling stm32f10x_rtc.c...
compiling stm32f10x_sdio.c...
compiling stm32f10x_spi.c...
compiling stm32f10x_tim.c...
compiling stm32f10x_usart.c...
compiling stm32f10x_wwdg.c...
linking...
Program Size: Code=18348 RO-data=2340 RW-data=2352 ZI-data=3920  
FromELF: creating hex file...
"..\OBJ\standard_2WD.axf" - 0 Error(s), 3 Warning(s).

<h2>Collection of Component include folders:</h2>
  D:\STM32差速openmv - 副本\USER\RTE
  C:\Keil_v5\ARM\PACK\Keil\STM32F1xx_DFP\2.2.0

<h2>Collection of Component Files used:</h2>
</pre>
</body>
</html>
