Component: ARM Compiler 5.05 update 1 (build 106) Tool: armlink [4d0efa]

==============================================================================

Section Cross References

    main.o(.text) refers to stm32f10x_gpio.o(.text) for GPIO_ReadInputDataBit
    main.o(.text) refers to main.o(.bss) for sensor
    main.o(.text) refers to main.o(.data) for Target_A
    main.o(.text) refers to usart2.o(.data) for act
    main.o(.text) refers to motor.o(.text) for Set_Pwm
    main.o(.text) refers to stm32f10x_rcc.o(.text) for RCC_APB2PeriphClockCmd
    main.o(.text) refers to led.o(.text) for LED_Init
    main.o(.text) refers to key.o(.text) for KEY_Init
    main.o(.text) refers to delay.o(.text) for delay_init
    main.o(.text) refers to usart.o(.text) for uart1_init
    main.o(.text) refers to usart2.o(.text) for uart3_init
    main.o(.text) refers to sys.o(.text) for NVIC_Configuration
    main.o(.text) refers to encoder.o(.text) for Encoder_Init_TIM2
    main.o(.text) refers to pwm.o(.text) for TIM1_PWM_Init
    main.o(.text) refers to oled.o(.text) for OLED_Init
    main.o(.text) refers to timer.o(.text) for Timer3_Init
    system_stm32f10x.o(.text) refers to system_stm32f10x.o(.data) for SystemCoreClock
    delay.o(.text) refers to misc.o(.text) for SysTick_CLKSourceConfig
    delay.o(.text) refers to system_stm32f10x.o(.data) for SystemCoreClock
    delay.o(.text) refers to delay.o(.data) for fac_us
    sys.o(.text) refers to misc.o(.text) for NVIC_PriorityGroupConfig
    usart.o(.text) refers to stm32f10x_rcc.o(.text) for RCC_APB2PeriphClockCmd
    usart.o(.text) refers to stm32f10x_gpio.o(.text) for GPIO_Init
    usart.o(.text) refers to stm32f10x_usart.o(.text) for USART_Init
    usart.o(.text) refers to usart.o(.data) for USART_RX_STA
    usart.o(.text) refers to usart.o(.bss) for USART_RX_BUF
    led.o(.text) refers to stm32f10x_rcc.o(.text) for RCC_APB2PeriphClockCmd
    led.o(.text) refers to stm32f10x_gpio.o(.text) for GPIO_Init
    led.o(.text) refers to led.o(.data) for temp
    key.o(.text) refers to stm32f10x_rcc.o(.text) for RCC_APB2PeriphClockCmd
    key.o(.text) refers to stm32f10x_gpio.o(.text) for GPIO_Init
    key.o(.text) refers to delay.o(.text) for delay_ms
    key.o(.text) refers to key.o(.data) for mode_count
    key.o(.text) refers to main.o(.data) for mode
    control.o(.text) refers to fflti.o(.text) for __aeabi_i2f
    control.o(.text) refers to fmul.o(.text) for __aeabi_fmul
    control.o(.text) refers to fadd.o(.text) for __aeabi_fadd
    control.o(.text) refers to ffixi.o(.text) for __aeabi_f2iz
    control.o(.text) refers to stm32f10x_tim.o(.text) for TIM_GetITStatus
    control.o(.text) refers to stm32f10x_gpio.o(.text) for GPIO_ReadInputDataBit
    control.o(.text) refers to oled.o(.text) for oled_show
    control.o(.text) refers to encoder.o(.text) for Read_Encoder
    control.o(.text) refers to motor.o(.text) for Xianfu_Pwm
    control.o(.text) refers to control.o(.data) for Bias
    control.o(.text) refers to main.o(.bss) for sensor
    control.o(.text) refers to main.o(.data) for Track_count
    encoder.o(.text) refers to stm32f10x_rcc.o(.text) for RCC_APB1PeriphClockCmd
    encoder.o(.text) refers to stm32f10x_gpio.o(.text) for GPIO_Init
    encoder.o(.text) refers to stm32f10x_tim.o(.text) for TIM_TimeBaseStructInit
    motor.o(.text) refers to stm32f10x_rcc.o(.text) for RCC_APB2PeriphClockCmd
    motor.o(.text) refers to stm32f10x_gpio.o(.text) for GPIO_Init
    motor.o(.text) refers to f2d.o(.text) for __aeabi_f2d
    motor.o(.text) refers to cdcmple.o(.text) for __aeabi_cdcmple
    motor.o(.text) refers to main.o(.data) for Moto1
    pwm.o(.text) refers to stm32f10x_rcc.o(.text) for RCC_APB2PeriphClockCmd
    pwm.o(.text) refers to stm32f10x_gpio.o(.text) for GPIO_Init
    pwm.o(.text) refers to stm32f10x_tim.o(.text) for TIM_TimeBaseInit
    adc.o(.text) refers to stm32f10x_rcc.o(.text) for RCC_APB2PeriphClockCmd
    adc.o(.text) refers to stm32f10x_gpio.o(.text) for GPIO_Init
    adc.o(.text) refers to stm32f10x_adc.o(.text) for ADC_DeInit
    adc.o(.text) refers to dfltui.o(.text) for __aeabi_ui2d
    adc.o(.text) refers to dmul.o(.text) for __aeabi_dmul
    adc.o(.text) refers to ddiv.o(.text) for __aeabi_ddiv
    adc.o(.text) refers to d2f.o(.text) for __aeabi_d2f
    timer.o(.text) refers to stm32f10x_rcc.o(.text) for RCC_APB1PeriphClockCmd
    timer.o(.text) refers to stm32f10x_tim.o(.text) for TIM_TimeBaseInit
    oled.o(.text) refers to stm32f10x_gpio.o(.text) for GPIO_SetBits
    oled.o(.text) refers to oled.o(.constdata) for F8X16
    oled.o(.text) refers to cdcmple.o(.text) for __aeabi_cdcmple
    oled.o(.text) refers to dfixi.o(.text) for __aeabi_d2iz
    oled.o(.text) refers to dflti.o(.text) for __aeabi_i2d
    oled.o(.text) refers to dadd.o(.text) for __aeabi_drsub
    oled.o(.text) refers to dmul.o(.text) for __aeabi_dmul
    oled.o(.text) refers to dfixui.o(.text) for __aeabi_d2uiz
    oled.o(.text) refers to dfltui.o(.text) for __aeabi_ui2d
[...]
    printf8.o(i.__0sprintf$8) refers to printf8.o(i._sputc) for _sputc
    printf8.o(i.__0vfprintf$8) refers to printf8.o(i._printf_core) for _printf_core
    printf8.o(i.__0vfprintf$8) refers to usart.o(.text) for fputc
    printf8.o(i.__0vprintf$8) refers to printf8.o(i._printf_core) for _printf_core
    printf8.o(i.__0vprintf$8) refers to usart.o(.text) for fputc
    printf8.o(i.__0vprintf$8) refers to usart.o(.data) for __stdout
    printf8.o(i.__0vsnprintf$8) refers to printf8.o(i._printf_core) for _printf_core
    printf8.o(i.__0vsnprintf$8) refers to printf8.o(i._snputc) for _snputc
    printf8.o(i.__0vsprintf$8) refers to printf8.o(i._printf_core) for _printf_core
    printf8.o(i.__0vsprintf$8) refers to printf8.o(i._sputc) for _sputc
    printf8.o(i._printf_core) refers to printf8.o(i._printf_pre_padding) for _printf_pre_padding
    printf8.o(i._printf_core) refers to uldiv.o(.text) for __aeabi_uldivmod
    printf8.o(i._printf_core) refers to printf8.o(i._printf_post_padding) for _printf_post_padding
    printfa.o(i.__0fprintf) refers (Special) to iusefp.o(.text) for __I$use$fp
    printfa.o(i.__0fprintf) refers to printfa.o(i._printf_core) for _printf_core
    printfa.o(i.__0fprintf) refers to usart.o(.text) for fputc
    printfa.o(i.__0printf) refers (Special) to iusefp.o(.text) for __I$use$fp
    printfa.o(i.__0printf) refers to printfa.o(i._printf_core) for _printf_core
    printfa.o(i.__0printf) refers to usart.o(.text) for fputc
    printfa.o(i.__0printf) refers to usart.o(.data) for __stdout
    printfa.o(i.__0snprintf) refers (Special) to iusefp.o(.text) for __I$use$fp
    printfa.o(i.__0snprintf) refers to printfa.o(i._printf_core) for _printf_core
    printfa.o(i.__0snprintf) refers to printfa.o(i._snputc) for _snputc
    printfa.o(i.__0sprintf) refers (Special) to iusefp.o(.text) for __I$use$fp
    printfa.o(i.__0sprintf) refers to printfa.o(i._printf_core) for _printf_core
    printfa.o(i.__0sprintf) refers to printfa.o(i._sputc) for _sputc
    printfa.o(i.__0vfprintf) refers (Special) to iusefp.o(.text) for __I$use$fp
    printfa.o(i.__0vfprintf) refers to printfa.o(i._printf_core) for _printf_core
    printfa.o(i.__0vfprintf) refers to usart.o(.text) for fputc
    printfa.o(i.__0vprintf) refers (Special) to iusefp.o(.text) for __I$use$fp
    printfa.o(i.__0vprintf) refers to printfa.o(i._printf_core) for _printf_core
    printfa.o(i.__0vprintf) refers to usart.o(.text) for fputc
    printfa.o(i.__0vprintf) refers to usart.o(.data) for __stdout
    printfa.o(i.__0vsnprintf) refers (Special) to iusefp.o(.text) for __I$use$fp
    printfa.o(i.__0vsnprintf) refers to printfa.o(i._printf_core) for _printf_core
    printfa.o(i.__0vsnprintf) refers to printfa.o(i._snputc) for _snputc
    printfa.o(i.__0vsprintf) refers (Special) to iusefp.o(.text) for __I$use$fp
    printfa.o(i.__0vsprintf) refers to printfa.o(i._printf_core) for _printf_core
    printfa.o(i.__0vsprintf) refers to printfa.o(i._sputc) for _sputc
    printfa.o(i._fp_digits) refers (Special) to iusefp.o(.text) for __I$use$fp
    printfa.o(i._fp_digits) refers to dmul.o(.text) for __aeabi_dmul
    printfa.o(i._fp_digits) refers to ddiv.o(.text) for __aeabi_ddiv
    printfa.o(i._fp_digits) refers to cdrcmple.o(.text) for __aeabi_cdrcmple
    printfa.o(i._fp_digits) refers to dadd.o(.text) for __aeabi_dadd
    printfa.o(i._fp_digits) refers to dfixul.o(.text) for __aeabi_d2ulz
    printfa.o(i._fp_digits) refers to uldiv.o(.text) for __aeabi_uldivmod
    printfa.o(i._printf_core) refers (Special) to iusefp.o(.text) for __I$use$fp
    printfa.o(i._printf_core) refers to printfa.o(i._printf_pre_padding) for _printf_pre_padding
    printfa.o(i._printf_core) refers to uldiv.o(.text) for __aeabi_uldivmod
    printfa.o(i._printf_core) refers to printfa.o(i._printf_post_padding) for _printf_post_padding
    printfa.o(i._printf_core) refers to printfa.o(i._fp_digits) for _fp_digits
    printfa.o(i._printf_core) refers to uidiv.o(.text) for __aeabi_uidivmod
    printfa.o(i._printf_post_padding) refers (Special) to iusefp.o(.text) for __I$use$fp
    printfa.o(i._printf_pre_padding) refers (Special) to iusefp.o(.text) for __I$use$fp
    printfa.o(i._snputc) refers (Special) to iusefp.o(.text) for __I$use$fp
    printfa.o(i._sputc) refers (Special) to iusefp.o(.text) for __I$use$fp
    fadd.o(.text) refers (Special) to iusefp.o(.text) for __I$use$fp
    fadd.o(.text) refers to fepilogue.o(.text) for _float_epilogue
    fmul.o(.text) refers (Special) to iusefp.o(.text) for __I$use$fp
    fdiv.o(.text) refers (Special) to iusefp.o(.text) for __I$use$fp
    fdiv.o(.text) refers to fepilogue.o(.text) for _float_round
    dadd.o(.text) refers (Special) to iusefp.o(.text) for __I$use$fp
    dadd.o(.text) refers to llshl.o(.text) for __aeabi_llsl
    dadd.o(.text) refers to llsshr.o(.text) for __aeabi_lasr
    dadd.o(.text) refers to depilogue.o(.text) for _double_epilogue
    dmul.o(.text) refers (Special) to iusefp.o(.text) for __I$use$fp
    dmul.o(.text) refers to depilogue.o(.text) for _double_epilogue
    ddiv.o(.text) refers (Special) to iusefp.o(.text) for __I$use$fp
    ddiv.o(.text) refers to depilogue.o(.text) for _double_round
    fflti.o(.text) refers (Special) to iusefp.o(.text) for __I$use$fp
    fflti.o(.text) refers to fepilogue.o(.text) for _float_epilogue
    ffltui.o(.text) refers (Special) to iusefp.o(.text) for __I$use$fp
    ffltui.o(.text) refers to fepilogue.o(.text) for _float_epilogue
    dflti.o(.text) refers (Special) to iusefp.o(.text) for __I$use$fp
    dflti.o(.text) refers to depilogue.o(.text) for _double_epilogue
    dfltui.o(.text) refers (Special) to iusefp.o(.text) for __I$use$fp
    dfltui.o(.text) refers to depilogue.o(.text) for _double_epilogue
    ffixi.o(.text) refers (Special) to iusefp.o(.text) for __I$use$fp
    ffixui.o(.text) refers (Special) to iusefp.o(.text) for __I$use$fp
    dfixi.o(.text) refers (Special) to iusefp.o(.text) for __I$use$fp
    dfixi.o(.text) refers to llushr.o(.text) for __aeabi_llsr
    dfixui.o(.text) refers (Special) to iusefp.o(.text) for __I$use$fp
    dfixui.o(.text) refers to llushr.o(.text) for __aeabi_llsr
    f2d.o(.text) refers (Special) to iusefp.o(.text) for __I$use$fp
    cdcmple.o(.text) refers (Special) to iusefp.o(.text) for __I$use$fp
    d2f.o(.text) refers (Special) to iusefp.o(.text) for __I$use$fp
    d2f.o(.text) refers to fepilogue.o(.text) for _float_round
    cfcmple.o(.text) refers (Special) to iusefp.o(.text) for __I$use$fp
    cfrcmple.o(.text) refers (Special) to iusefp.o(.text) for __I$use$fp
    atan.o(i.__softfp_atan) refers (Special) to iusefp.o(.text) for __I$use$fp
    atan.o(i.__softfp_atan) refers to atan.o(i.atan) for atan
    atan.o(i.atan) refers (Special) to iusefp.o(.text) for __I$use$fp
    atan.o(i.atan) refers to dunder.o(i.__mathlib_dbl_infnan) for __mathlib_dbl_infnan
    atan.o(i.atan) refers to fpclassify.o(i.__ARM_fpclassify) for __ARM_fpclassify
    atan.o(i.atan) refers to dunder.o(i.__mathlib_dbl_underflow) for __mathlib_dbl_underflow
    atan.o(i.atan) refers to dadd.o(.text) for __aeabi_dadd
    atan.o(i.atan) refers to dscalb.o(.text) for __ARM_scalbn
    atan.o(i.atan) refers to ddiv.o(.text) for __aeabi_ddiv
    atan.o(i.atan) refers to dmul.o(.text) for __aeabi_dmul
    atan.o(i.atan) refers to poly.o(i.__kernel_poly) for __kernel_poly
    atan.o(i.atan) refers to atan.o(.constdata) for .constdata
    atan.o(.constdata) refers (Special) to iusefp.o(.text) for __I$use$fp
    atan_x.o(i.____softfp_atan$lsc) refers (Special) to iusefp.o(.text) for __I$use$fp
    atan_x.o(i.____softfp_atan$lsc) refers to atan_x.o(i.__atan$lsc) for __atan$lsc
    atan_x.o(i.__atan$lsc) refers (Special) to iusefp.o(.text) for __I$use$fp
    atan_x.o(i.__atan$lsc) refers to dunder.o(i.__mathlib_dbl_infnan) for __mathlib_dbl_infnan
    atan_x.o(i.__atan$lsc) refers to dadd.o(.text) for __aeabi_dadd
    atan_x.o(i.__atan$lsc) refers to dscalb.o(.text) for __ARM_scalbn
    atan_x.o(i.__atan$lsc) refers to ddiv.o(.text) for __aeabi_ddiv
    atan_x.o(i.__atan$lsc) refers to dmul.o(.text) for __aeabi_dmul
    atan_x.o(i.__atan$lsc) refers to poly.o(i.__kernel_poly) for __kernel_poly
    atan_x.o(i.__atan$lsc) refers to atan_x.o(.constdata) for .constdata
    atan_x.o(.constdata) refers (Special) to iusefp.o(.text) for __I$use$fp
    dunder.o(i.__mathlib_dbl_divzero) refers to ddiv.o(.text) for __aeabi_ddiv
    dunder.o(i.__mathlib_dbl_infnan) refers to dscalb.o(.text) for __ARM_scalbn
    dunder.o(i.__mathlib_dbl_infnan2) refers to dadd.o(.text) for __aeabi_dadd
    dunder.o(i.__mathlib_dbl_invalid) refers to ddiv.o(.text) for __aeabi_ddiv
    dunder.o(i.__mathlib_dbl_overflow) refers to dscalb.o(.text) for __ARM_scalbn
    dunder.o(i.__mathlib_dbl_posinfnan) refers to dmul.o(.text) for __aeabi_dmul
    dunder.o(i.__mathlib_dbl_underflow) refers to dscalb.o(.text) for __ARM_scalbn
    fpclassify.o(i.__ARM_fpclassify) refers (Special) to iusefp.o(.text) for __I$use$fp
    poly.o(i.__kernel_poly) refers (Special) to iusefp.o(.text) for __I$use$fp
    poly.o(i.__kernel_poly) refers to dmul.o(.text) for __aeabi_dmul
    poly.o(i.__kernel_poly) refers to dadd.o(.text) for __aeabi_dadd
    qnan.o(.constdata) refers (Special) to iusefp.o(.text) for __I$use$fp
    sqrt.o(i.__softfp_sqrt) refers (Special) to iusefp.o(.text) for __I$use$fp
    sqrt.o(i.__softfp_sqrt) refers to dsqrt.o(.text) for _dsqrt
    sqrt.o(i.__softfp_sqrt) refers to errno.o(i.__set_errno) for __set_errno
    sqrt.o(i.sqrt) refers (Special) to iusefp.o(.text) for __I$use$fp
    sqrt.o(i.sqrt) refers to dsqrt.o(.text) for _dsqrt
    sqrt.o(i.sqrt) refers to errno.o(i.__set_errno) for __set_errno
    sqrt_x.o(i.____softfp_sqrt$lsc) refers (Special) to iusefp.o(.text) for __I$use$fp
    sqrt_x.o(i.____softfp_sqrt$lsc) refers to cdcmple.o(.text) for __aeabi_cdcmple
    sqrt_x.o(i.____softfp_sqrt$lsc) refers to errno.o(i.__set_errno) for __set_errno
    sqrt_x.o(i.____softfp_sqrt$lsc) refers to dsqrt.o(.text) for _dsqrt
    sqrt_x.o(i.__sqrt$lsc) refers (Special) to iusefp.o(.text) for __I$use$fp
    sqrt_x.o(i.__sqrt$lsc) refers to cdcmple.o(.text) for __aeabi_cdcmple
    sqrt_x.o(i.__sqrt$lsc) refers to errno.o(i.__set_errno) for __set_errno
    sqrt_x.o(i.__sqrt$lsc) refers to dsqrt.o(.text) for _dsqrt
    entry2.o(.ARM.Collect$$$$00000001) refers to entry2.o(.ARM.Collect$$$$00002712) for __lit__00000000
    entry2.o(.ARM.Collect$$$$00002712) refers to startup_stm32f10x_md.o(STACK) for __initial_sp
    entry2.o(__vectab_stack_and_reset_area) refers to startup_stm32f10x_md.o(STACK) for __initial_sp
    entry2.o(__vectab_stack_and_reset_area) refers to entry.o(.ARM.Collect$$$$00000000) for __main
    entry5.o(.ARM.Collect$$$$00000004) refers to init.o(.text) for __scatterload
    entry9a.o(.ARM.Collect$$$$0000000B) refers to main.o(.text) for main
    entry9b.o(.ARM.Collect$$$$0000000C) refers to main.o(.text) for main
    uldiv.o(.text) refers to llushr.o(.text) for __aeabi_llsr
    uldiv.o(.text) refers to llshl.o(.text) for __aeabi_llsl
    errno.o(i.__aeabi_errno_addr) refers to errno.o(.data) for .data
    errno.o(i.__read_errno) refers to errno.o(.data) for .data
    errno.o(i.__set_errno) refers to errno.o(.data) for .data
    depilogue.o(.text) refers to llshl.o(.text) for __aeabi_llsl
    depilogue.o(.text) refers to llushr.o(.text) for __aeabi_llsr
    dfixul.o(.text) refers to llushr.o(.text) for __aeabi_llsr
    dfixul.o(.text) refers to llshl.o(.text) for __aeabi_llsl
    init.o(.text) refers to entry5.o(.ARM.Collect$$$$00000004) for __main_after_scatterload
    dsqrt.o(.text) refers to llushr.o(.text) for __aeabi_llsr
    dsqrt.o(.text) refers to depilogue.o(.text) for _double_round


==============================================================================

Removing Unused input sections from the image.

    Removing core_cm3.o(.emb_text), (32 bytes).
    Removing adc.o(.text), (260 bytes).
    Removing ps2.o(.text), (1060 bytes).
    Removing ps2.o(.bss), (9 bytes).
    Removing ps2.o(.data), (36 bytes).
    Removing mpu6050.o(.text), (872 bytes).
    Removing mpuiic.o(.text), (608 bytes).
    Removing inv_mpu.o(.text), (8840 bytes).
    Removing inv_mpu.o(.constdata), (80 bytes).
    Removing inv_mpu.o(.conststring), (77 bytes).
    Removing inv_mpu.o(.data), (53 bytes).
    Removing inv_mpu_dmp_motion_driver.o(.text), (3440 bytes).
    Removing inv_mpu_dmp_motion_driver.o(.bss), (16 bytes).
    Removing inv_mpu_dmp_motion_driver.o(.constdata), (3062 bytes).
    Removing jkd_oled.o(.text), (1032 bytes).
    Removing jkd_oled.o(.constdata), (1520 bytes).
    Removing startup_stm32f10x_md.o(HEAP), (512 bytes).
    Removing stm32f10x_adc.o(.text), (1102 bytes).
    Removing stm32f10x_bkp.o(.text), (196 bytes).
    Removing stm32f10x_can.o(.text), (2544 bytes).
    Removing stm32f10x_cec.o(.text), (288 bytes).
    Removing stm32f10x_crc.o(.text), (72 bytes).
    Removing stm32f10x_dac.o(.text), (396 bytes).
    Removing stm32f10x_dbgmcu.o(.text), (48 bytes).
    Removing stm32f10x_dma.o(.text), (596 bytes).
    Removing stm32f10x_flash.o(.text), (1468 bytes).
    Removing stm32f10x_fsmc.o(.text), (1548 bytes).
    Removing stm32f10x_i2c.o(.text), (1028 bytes).
    Removing stm32f10x_iwdg.o(.text), (64 bytes).
    Removing stm32f10x_pwr.o(.text), (204 bytes).
    Removing stm32f10x_rtc.o(.text), (328 bytes).
    Removing stm32f10x_sdio.o(.text), (468 bytes).
    Removing stm32f10x_spi.o(.text), (780 bytes).
    Removing stm32f10x_wwdg.o(.text), (136 bytes).
    Removing ffixui.o(.text), (40 bytes).
    Removing cfcmple.o(.text), (20 bytes).
    Removing cfrcmple.o(.text), (20 bytes).
    Removing dscalb.o(.text), (46 bytes).
    Removing dfixul.o(.text), (48 bytes).
    Removing cdrcmple.o(.text), (48 bytes).
    Removing dsqrt.o(.text), (162 bytes).

41 unused section(s) (total 33159 bytes) removed from the image.

==============================================================================

Image Symbol Table

    Local Symbols

    Symbol Name                              Value     Ov Type        Size  Object(Section)

    ../clib/../cmprslib/zerorunl2.c          0x00000000   Number         0  __dczerorl2.o ABSOLUTE
    ../clib/microlib/division.c              0x00000000   Number         0  ldiv.o ABSOLUTE
    ../clib/microlib/division.c              0x00000000   Number         0  uldiv.o ABSOLUTE
    ../clib/microlib/division.c              0x00000000   Number         0  uidiv.o ABSOLUTE
    ../clib/microlib/errno.c                 0x00000000   Number         0  errno.o ABSOLUTE
    ../clib/microlib/init/entry.s            0x00000000   Number         0  entry9a.o ABSOLUTE
    ../clib/microlib/init/entry.s            0x00000000   Number         0  entry7a.o ABSOLUTE
    ../clib/microlib/init/entry.s            0x00000000   Number         0  entry7b.o ABSOLUTE
    ../clib/microlib/init/entry.s            0x00000000   Number         0  entry8a.o ABSOLUTE
    ../clib/microlib/init/entry.s            0x00000000   Number         0  entry8b.o ABSOLUTE
    ../clib/microlib/init/entry.s            0x00000000   Number         0  entry2.o ABSOLUTE
    ../clib/microlib/init/entry.s            0x00000000   Number         0  entry.o ABSOLUTE
    ../clib/microlib/init/entry.s            0x00000000   Number         0  entry5.o ABSOLUTE
    ../clib/microlib/init/entry.s            0x00000000   Number         0  entry10a.o ABSOLUTE
    ../clib/microlib/init/entry.s            0x00000000   Number         0  entry10b.o ABSOLUTE
    ../clib/microlib/init/entry.s            0x00000000   Number         0  entry11a.o ABSOLUTE
    ../clib/microlib/init/entry.s            0x00000000   Number         0  entry9b.o ABSOLUTE
    ../clib/microlib/init/entry.s            0x00000000   Number         0  entry11b.o ABSOLUTE
    ../clib/microlib/longlong.c              0x00000000   Number         0  llsshr.o ABSOLUTE
    ../clib/microlib/longlong.c              0x00000000   Number         0  llushr.o ABSOLUTE
    ../clib/microlib/longlong.c              0x00000000   Number         0  llshl.o ABSOLUTE
    ../clib/microlib/printf/printf.c         0x00000000   Number         0  printfb.o ABSOLUTE
    ../clib/microlib/printf/printf.c         0x00000000   Number         0  printf6.o ABSOLUTE
    ../clib/microlib/printf/printf.c         0x00000000   Number         0  printf3.o ABSOLUTE
    ../clib/microlib/printf/printf.c         0x00000000   Number         0  printf4.o ABSOLUTE
    ../clib/microlib/printf/printf.c         0x00000000   Number         0  printf2.o ABSOLUTE
    ../clib/microlib/printf/printf.c         0x00000000   Number         0  printf1.o ABSOLUTE
    ../clib/microlib/printf/printf.c         0x00000000   Number         0  printf5.o ABSOLUTE
    ../clib/microlib/printf/printf.c         0x00000000   Number         0  printf0.o ABSOLUTE
    ../clib/microlib/printf/printf.c         0x00000000   Number         0  printfa.o ABSOLUTE
    ../clib/microlib/printf/printf.c         0x00000000   Number         0  printf8.o ABSOLUTE
    ../clib/microlib/printf/printf.c         0x00000000   Number         0  printf7.o ABSOLUTE
    ../clib/microlib/printf/stubs.s          0x00000000   Number         0  stubs.o ABSOLUTE
    ../clib/microlib/string/memcmp.c         0x00000000   Number         0  memcmp.o ABSOLUTE
    ../clib/microlib/string/memset.c         0x00000000   Number         0  memseta.o ABSOLUTE
    ../clib/microlib/stubs.s                 0x00000000   Number         0  useno.o ABSOLUTE
    ../clib/microlib/stubs.s                 0x00000000   Number         0  iusefp.o ABSOLUTE
    ../fplib/microlib/d2f.c                  0x00000000   Number         0  d2f.o ABSOLUTE
    ../fplib/microlib/f2d.c                  0x00000000   Number         0  f2d.o ABSOLUTE
    ../fplib/microlib/fpadd.c                0x00000000   Number         0  dadd.o ABSOLUTE
    ../fplib/microlib/fpadd.c                0x00000000   Number         0  fadd.o ABSOLUTE
    ../fplib/microlib/fpdiv.c                0x00000000   Number         0  fdiv.o ABSOLUTE
    ../fplib/microlib/fpdiv.c                0x00000000   Number         0  ddiv.o ABSOLUTE
    ../fplib/microlib/fpepilogue.c           0x00000000   Number         0  fepilogue.o ABSOLUTE
    ../fplib/microlib/fpepilogue.c           0x00000000   Number         0  depilogue.o ABSOLUTE
    ../fplib/microlib/fpfix.c                0x00000000   Number         0  dfixul.o ABSOLUTE
    ../fplib/microlib/fpfix.c                0x00000000   Number         0  ffixui.o ABSOLUTE
    ../fplib/microlib/fpfix.c                0x00000000   Number         0  ffixi.o ABSOLUTE
    ../fplib/microlib/fpfix.c                0x00000000   Number         0  dfixi.o ABSOLUTE
    ../fplib/microlib/fpfix.c                0x00000000   Number         0  dfixui.o ABSOLUTE
    ../fplib/microlib/fpflt.c                0x00000000   Number         0  dfltui.o ABSOLUTE
    ../fplib/microlib/fpflt.c                0x00000000   Number         0  ffltui.o ABSOLUTE
    ../fplib/microlib/fpflt.c                0x00000000   Number         0  fflti.o ABSOLUTE
    ../fplib/microlib/fpflt.c                0x00000000   Number         0  dflti.o ABSOLUTE
    ../fplib/microlib/fpmul.c                0x00000000   Number         0  fmul.o ABSOLUTE
    ../fplib/microlib/fpmul.c                0x00000000   Number         0  dmul.o ABSOLUTE
    ../fplib/microlib/fpscalb.c              0x00000000   Number         0  dscalb.o ABSOLUTE
    ../fplib/microlib/fpsqrt.c               0x00000000   Number         0  dsqrt.o ABSOLUTE
    ../mathlib/asin.c                        0x00000000   Number         0  asin.o ABSOLUTE
    ../mathlib/asin.c                        0x00000000   Number         0  asin_x.o ABSOLUTE
    ../mathlib/atan.c                        0x00000000   Number         0  atan_x.o ABSOLUTE
    ../mathlib/atan.c                        0x00000000   Number         0  atan.o ABSOLUTE
    ../mathlib/atan2.c                       0x00000000   Number         0  atan2_x.o ABSOLUTE
    ../mathlib/atan2.c                       0x00000000   Number         0  atan2.o ABSOLUTE
    ../mathlib/dunder.c                      0x00000000   Number         0  dunder.o ABSOLUTE
    ../mathlib/fpclassify.c                  0x00000000   Number         0  fpclassify.o ABSOLUTE
    ../mathlib/poly.c                        0x00000000   Number         0  poly.o ABSOLUTE
    ../mathlib/qnan.c                        0x00000000   Number         0  qnan.o ABSOLUTE
    ../mathlib/sqrt.c                        0x00000000   Number         0  sqrt.o ABSOLUTE
    ../mathlib/sqrt.c                        0x00000000   Number         0  sqrt_x.o ABSOLUTE
    ..\CORE\startup_stm32f10x_md.s           0x00000000   Number         0  startup_stm32f10x_md.o ABSOLUTE
    ..\HARDWARE\ADC\adc.c                    0x00000000   Number         0  adc.o ABSOLUTE
    ..\HARDWARE\ENCODER\encoder.c            0x00000000   Number         0  encoder.o ABSOLUTE
    ..\HARDWARE\KEY\key.c                    0x00000000   Number         0  key.o ABSOLUTE
    ..\HARDWARE\LED\LED.C                    0x00000000   Number         0  led.o ABSOLUTE
    ..\HARDWARE\MOTOR\motor.c                0x00000000   Number         0  motor.o ABSOLUTE
    ..\HARDWARE\MPU6050\eMPL\inv_mpu.c       0x00000000   Number         0  inv_mpu.o ABSOLUTE
    ..\HARDWARE\MPU6050\eMPL\inv_mpu_dmp_motion_driver.c 0x00000000   Number         0  inv_mpu_dmp_motion_driver.o ABSOLUTE
    ..\HARDWARE\MPU6050\mpu6050.c            0x00000000   Number         0  mpu6050.o ABSOLUTE
    ..\HARDWARE\MPU6050\mpuiic.c             0x00000000   Number         0  mpuiic.o ABSOLUTE
    ..\HARDWARE\OLED\oled.c                  0x00000000   Number         0  oled.o ABSOLUTE
    ..\HARDWARE\PS2\ps2.c                    0x00000000   Number         0  ps2.o ABSOLUTE
    ..\HARDWARE\PWM\pwm.c                    0x00000000   Number         0  pwm.o ABSOLUTE
    ..\HARDWARE\SR04\SR04.c                  0x00000000   Number         0  sr04.o ABSOLUTE
    ..\HARDWARE\TIMER\timer.c                0x00000000   Number         0  timer.o ABSOLUTE
    ..\HARDWARE\USART2\usart2.c              0x00000000   Number         0  usart2.o ABSOLUTE
    ..\HARDWARE\control\control.c            0x00000000   Number         0  control.o ABSOLUTE
    ..\HARDWARE\jkd_oled\jkd_oled.c          0x00000000   Number         0  jkd_oled.o ABSOLUTE
    ..\STM32F10x_FWLib\src\misc.c            0x00000000   Number         0  misc.o ABSOLUTE
    ..\STM32F10x_FWLib\src\stm32f10x_adc.c   0x00000000   Number         0  stm32f10x_adc.o ABSOLUTE
    ..\STM32F10x_FWLib\src\stm32f10x_bkp.c   0x00000000   Number         0  stm32f10x_bkp.o ABSOLUTE
    ..\STM32F10x_FWLib\src\stm32f10x_can.c   0x00000000   Number         0  stm32f10x_can.o ABSOLUTE
    ..\STM32F10x_FWLib\src\stm32f10x_cec.c   0x00000000   Number         0  stm32f10x_cec.o ABSOLUTE
    ..\STM32F10x_FWLib\src\stm32f10x_crc.c   0x00000000   Number         0  stm32f10x_crc.o ABSOLUTE
    ..\STM32F10x_FWLib\src\stm32f10x_dac.c   0x00000000   Number         0  stm32f10x_dac.o ABSOLUTE
    ..\STM32F10x_FWLib\src\stm32f10x_dbgmcu.c 0x00000000   Number         0  stm32f10x_dbgmcu.o ABSOLUTE
    ..\STM32F10x_FWLib\src\stm32f10x_dma.c   0x00000000   Number         0  stm32f10x_dma.o ABSOLUTE
    ..\STM32F10x_FWLib\src\stm32f10x_exti.c  0x00000000   Number         0  stm32f10x_exti.o ABSOLUTE
    ..\STM32F10x_FWLib\src\stm32f10x_flash.c 0x00000000   Number         0  stm32f10x_flash.o ABSOLUTE
    ..\STM32F10x_FWLib\src\stm32f10x_fsmc.c  0x00000000   Number         0  stm32f10x_fsmc.o ABSOLUTE
    ..\STM32F10x_FWLib\src\stm32f10x_gpio.c  0x00000000   Number         0  stm32f10x_gpio.o ABSOLUTE
    ..\STM32F10x_FWLib\src\stm32f10x_i2c.c   0x00000000   Number         0  stm32f10x_i2c.o ABSOLUTE
    ..\STM32F10x_FWLib\src\stm32f10x_iwdg.c  0x00000000   Number         0  stm32f10x_iwdg.o ABSOLUTE
    ..\STM32F10x_FWLib\src\stm32f10x_pwr.c   0x00000000   Number         0  stm32f10x_pwr.o ABSOLUTE
    ..\STM32F10x_FWLib\src\stm32f10x_rcc.c   0x00000000   Number         0  stm32f10x_rcc.o ABSOLUTE
    ..\STM32F10x_FWLib\src\stm32f10x_rtc.c   0x00000000   Number         0  stm32f10x_rtc.o ABSOLUTE
    ..\STM32F10x_FWLib\src\stm32f10x_sdio.c  0x00000000   Number         0  stm32f10x_sdio.o ABSOLUTE
    ..\STM32F10x_FWLib\src\stm32f10x_spi.c   0x00000000   Number         0  stm32f10x_spi.o ABSOLUTE
    ..\STM32F10x_FWLib\src\stm32f10x_tim.c   0x00000000   Number         0  stm32f10x_tim.o ABSOLUTE
    ..\STM32F10x_FWLib\src\stm32f10x_usart.c 0x00000000   Number         0  stm32f10x_usart.o ABSOLUTE
    ..\STM32F10x_FWLib\src\stm32f10x_wwdg.c  0x00000000   Number         0  stm32f10x_wwdg.o ABSOLUTE
    ..\SYSTEM\delay\delay.c                  0x00000000   Number         0  delay.o ABSOLUTE
    ..\SYSTEM\sys\core_cm3.c                 0x00000000   Number         0  core_cm3.o ABSOLUTE
    ..\SYSTEM\sys\sys.c                      0x00000000   Number         0  sys.o ABSOLUTE
    ..\SYSTEM\usart\usart.c                  0x00000000   Number         0  usart.o ABSOLUTE
    ..\\SYSTEM\\sys\\core_cm3.c              0x00000000   Number         0  core_cm3.o ABSOLUTE
    cdcmple.s                                0x00000000   Number         0  cdcmple.o ABSOLUTE
    cdrcmple.s                               0x00000000   Number         0  cdrcmple.o ABSOLUTE
    cfcmple.s                                0x00000000   Number         0  cfcmple.o ABSOLUTE
    cfrcmple.s                               0x00000000   Number         0  cfrcmple.o ABSOLUTE
    dc.s                                     0x00000000   Number         0  dc.o ABSOLUTE
    handlers.s                               0x00000000   Number         0  handlers.o ABSOLUTE
    init.s                                   0x00000000   Number         0  init.o ABSOLUTE
    main.c                                   0x00000000   Number         0  main.o ABSOLUTE
    stm32f10x_it.c                           0x00000000   Number         0  stm32f10x_it.o ABSOLUTE
    system_stm32f10x.c                       0x00000000   Number         0  system_stm32f10x.o ABSOLUTE
    RESET                                    0x08000000   Section      236  startup_stm32f10x_md.o(RESET)
    .ARM.Collect$$$$00000000                 0x080000ec   Section        0  entry.o(.ARM.Collect$$$$00000000)
    .ARM.Collect$$$$00000001                 0x080000ec   Section        4  entry2.o(.ARM.Collect$$$$00000001)
    .ARM.Collect$$$$00000004                 0x080000f0   Section        4  entry5.o(.ARM.Collect$$$$00000004)
    .ARM.Collect$$$$00000008                 0x080000f4   Section        0  entry7b.o(.ARM.Collect$$$$00000008)
    .ARM.Collect$$$$0000000A                 0x080000f4   Section        0  entry8b.o(.ARM.Collect$$$$0000000A)
    .ARM.Collect$$$$0000000B                 0x080000f4   Section        8  entry9a.o(.ARM.Collect$$$$0000000B)
    .ARM.Collect$$$$0000000D                 0x080000fc   Section        0  entry10a.o(.ARM.Collect$$$$0000000D)
    .ARM.Collect$$$$0000000F                 0x080000fc   Section        0  entry11a.o(.ARM.Collect$$$$0000000F)
    .ARM.Collect$$$$00002712                 0x080000fc   Section        4  entry2.o(.ARM.Collect$$$$00002712)
    __lit__00000000                          0x080000fc   Data           4  entry2.o(.ARM.Collect$$$$00002712)
    .text                                    0x08000100   Section        0  stm32f10x_it.o(.text)
    .text                                    0x0800011c   Section        0  main.o(.text)
    .text                                    0x08000a28   Section        0  system_stm32f10x.o(.text)
    SetSysClockTo72                          0x08000a29   Thumb Code   214  system_stm32f10x.o(.text)
    SetSysClock                              0x08000aff   Thumb Code     8  system_stm32f10x.o(.text)
    .text                                    0x08000c08   Section        0  delay.o(.text)
    .text                                    0x08000cdc   Section        0  sys.o(.text)
    .text                                    0x08000d78   Section        0  usart.o(.text)
    .text                                    0x08000e9c   Section        0  led.o(.text)
    .text                                    0x08000f00   Section        0  key.o(.text)
    .text                                    0x08000f74   Section        0  control.o(.text)
    .text                                    0x0800119c   Section        0  encoder.o(.text)
    .text                                    0x08001354   Section        0  motor.o(.text)
    .text                                    0x0800147c   Section        0  pwm.o(.text)
    .text                                    0x08001524   Section        0  timer.o(.text)
    .text                                    0x08001564   Section        0  oled.o(.text)
    .text                                    0x08002238   Section        0  sr04.o(.text)
    .text                                    0x0800239c   Section        0  usart2.o(.text)
    .text                                    0x0800250c   Section       36  startup_stm32f10x_md.o(.text)
    .text                                    0x08002530   Section        0  misc.o(.text)
    .text                                    0x0800260c   Section        0  stm32f10x_exti.o(.text)
    .text                                    0x08002728   Section        0  stm32f10x_gpio.o(.text)
    .text                                    0x08002a84   Section        0  stm32f10x_rcc.o(.text)
    .text                                    0x08002e28   Section        0  stm32f10x_tim.o(.text)
    TI4_Config                               0x080032cf   Thumb Code   130  stm32f10x_tim.o(.text)
    TI3_Config                               0x08003363   Thumb Code   122  stm32f10x_tim.o(.text)
    TI2_Config                               0x080033f7   Thumb Code   130  stm32f10x_tim.o(.text)
    TI1_Config                               0x0800348b   Thumb Code   108  stm32f10x_tim.o(.text)
    .text                                    0x08003c44   Section        0  stm32f10x_usart.o(.text)
    .text                                    0x0800404c   Section        0  fadd.o(.text)
    .text                                    0x080040fc   Section        0  fmul.o(.text)
    .text                                    0x08004160   Section        0  fdiv.o(.text)
    .text                                    0x080041dc   Section        0  dadd.o(.text)
    .text                                    0x0800432a   Section        0  dmul.o(.text)
    .text                                    0x0800440e   Section        0  ddiv.o(.text)
    .text                                    0x080044ec   Section        0  fflti.o(.text)
    .text                                    0x080044fe   Section        0  ffltui.o(.text)
    .text                                    0x08004508   Section        0  dflti.o(.text)
    .text                                    0x0800452a   Section        0  dfltui.o(.text)
    .text                                    0x08004544   Section        0  ffixi.o(.text)
    .text                                    0x08004576   Section        0  dfixi.o(.text)
    .text                                    0x080045b4   Section        0  dfixui.o(.text)
    .text                                    0x080045e6   Section        0  f2d.o(.text)
    .text                                    0x0800460c   Section       48  cdcmple.o(.text)
    .text                                    0x0800463c   Section        0  d2f.o(.text)
    .text                                    0x08004674   Section        0  llshl.o(.text)
    .text                                    0x08004692   Section        0  llushr.o(.text)
    .text                                    0x080046b2   Section        0  llsshr.o(.text)
    .text                                    0x080046d6   Section        0  fepilogue.o(.text)
    .text                                    0x080046d6   Section        0  iusefp.o(.text)
    .text                                    0x08004744   Section        0  depilogue.o(.text)
    .text                                    0x08004800   Section       36  init.o(.text)
    .text                                    0x08004824   Section        0  __dczerorl2.o(.text)
    i.__scatterload_copy                     0x0800487a   Section       14  handlers.o(i.__scatterload_copy)
    i.__scatterload_null                     0x08004888   Section        2  handlers.o(i.__scatterload_null)
    i.__scatterload_zeroinit                 0x0800488a   Section       14  handlers.o(i.__scatterload_zeroinit)
    .constdata                               0x08004898   Section     2072  oled.o(.constdata)
    .data                                    0x20000000   Section      128  main.o(.data)
    .data                                    0x20000080   Section       20  system_stm32f10x.o(.data)
    .data                                    0x20000094   Section        4  delay.o(.data)
    fac_us                                   0x20000094   Data           1  delay.o(.data)
    fac_ms                                   0x20000096   Data           2  delay.o(.data)
    .data                                    0x20000098   Section        5  usart.o(.data)
    .data                                    0x200000a0   Section        4  led.o(.data)
    temp                                     0x200000a0   Data           4  led.o(.data)
    .data                                    0x200000a4   Section        8  key.o(.data)
    .data                                    0x200000ac   Section       40  control.o(.data)
    Voltage_Counter                          0x200000b8   Data           1  control.o(.data)
    Bias                                     0x200000bc   Data           4  control.o(.data)
    Pwm                                      0x200000c0   Data           4  control.o(.data)
    Last_bias                                0x200000c4   Data           4  control.o(.data)
    Bias                                     0x200000c8   Data           4  control.o(.data)
    Pwm                                      0x200000cc   Data           4  control.o(.data)
    Last_bias                                0x200000d0   Data           4  control.o(.data)
    .data                                    0x200000d4   Section      896  oled.o(.data)
    .data                                    0x20000454   Section     1224  usart2.o(.data)
    .data                                    0x2000091c   Section       20  stm32f10x_rcc.o(.data)
    APBAHBPrescTable                         0x2000091c   Data          16  stm32f10x_rcc.o(.data)
    ADCPrescTable                            0x2000092c   Data           4  stm32f10x_rcc.o(.data)
    .bss                                     0x20000930   Section       32  main.o(.bss)
    .bss                                     0x20000950   Section       64  usart.o(.bss)
    .bss                                     0x20000990   Section     2800  usart2.o(.bss)
    Uart_Receive                             0x20001160   Data         800  usart2.o(.bss)
    STACK                                    0x20001480   Section     1024  startup_stm32f10x_md.o(STACK)

    Global Symbols

    Symbol Name                              Value     Ov Type        Size  Object(Section)

    BuildAttributes$$THM_ISAv4$P$D$K$B$S$PE$A:L22UL41UL21$X:L11$S22US41US21$IEEE1$IW$USESV6$~STKCKD$USESV7$~SHL$OTIME$ROPI$IEEEX$EBA8$MICROLIB$REQ8$PRES8$EABIv2 0x00000000   Number         0  anon$$obj.o ABSOLUTE
    __ARM_use_no_argv                        0x00000000   Number         0  main.o ABSOLUTE
    __use_no_errno                           0x00000000   Number         0  useno.o ABSOLUTE
    __use_no_exception_handling              0x00000000   Number         0  useno.o ABSOLUTE
    __use_no_fp                              0x00000000   Number         0  useno.o ABSOLUTE
    __use_no_heap                            0x00000000   Number         0  useno.o ABSOLUTE
    __use_no_heap_region                     0x00000000   Number         0  useno.o ABSOLUTE
    __use_no_semihosting                     0x00000000   Number         0  useno.o ABSOLUTE
    __use_no_semihosting_swi                 0x00000000   Number         0  useno.o ABSOLUTE
    __use_no_signal_handling                 0x00000000   Number         0  useno.o ABSOLUTE
    _printf_a                                0x00000000   Number         0  stubs.o ABSOLUTE
    _printf_c                                0x00000000   Number         0  stubs.o ABSOLUTE
    _printf_charcount                        0x00000000   Number         0  stubs.o ABSOLUTE
    _printf_d                                0x00000000   Number         0  stubs.o ABSOLUTE
    _printf_e                                0x00000000   Number         0  stubs.o ABSOLUTE
    _printf_f                                0x00000000   Number         0  stubs.o ABSOLUTE
    _printf_flags                            0x00000000   Number         0  stubs.o ABSOLUTE
    _printf_fp_dec                           0x00000000   Number         0  stubs.o ABSOLUTE
    _printf_fp_hex                           0x00000000   Number         0  stubs.o ABSOLUTE
    _printf_g                                0x00000000   Number         0  stubs.o ABSOLUTE
    _printf_i                                0x00000000   Number         0  stubs.o ABSOLUTE
    _printf_int_dec                          0x00000000   Number         0  stubs.o ABSOLUTE
    _printf_l                                0x00000000   Number         0  stubs.o ABSOLUTE
    _printf_lc                               0x00000000   Number         0  stubs.o ABSOLUTE
    _printf_ll                               0x00000000   Number         0  stubs.o ABSOLUTE
    _printf_lld                              0x00000000   Number         0  stubs.o ABSOLUTE
    _printf_lli                              0x00000000   Number         0  stubs.o ABSOLUTE
    _printf_llo                              0x00000000   Number         0  stubs.o ABSOLUTE
    _printf_llu                              0x00000000   Number         0  stubs.o ABSOLUTE
    _printf_llx                              0x00000000   Number         0  stubs.o ABSOLUTE
    _printf_longlong_dec                     0x00000000   Number         0  stubs.o ABSOLUTE
    _printf_longlong_hex                     0x00000000   Number         0  stubs.o ABSOLUTE
    _printf_longlong_oct                     0x00000000   Number         0  stubs.o ABSOLUTE
    _printf_ls                               0x00000000   Number         0  stubs.o ABSOLUTE
    _printf_mbtowc                           0x00000000   Number         0  stubs.o ABSOLUTE
    _printf_n                                0x00000000   Number         0  stubs.o ABSOLUTE
    _printf_o                                0x00000000   Number         0  stubs.o ABSOLUTE
    _printf_p                                0x00000000   Number         0  stubs.o ABSOLUTE
    _printf_percent                          0x00000000   Number         0  stubs.o ABSOLUTE
    _printf_pre_padding                      0x00000000   Number         0  stubs.o ABSOLUTE
    _printf_return_value                     0x00000000   Number         0  stubs.o ABSOLUTE
    _printf_s                                0x00000000   Number         0  stubs.o ABSOLUTE
    _printf_sizespec                         0x00000000   Number         0  stubs.o ABSOLUTE
    _printf_str                              0x00000000   Number         0  stubs.o ABSOLUTE
    _printf_truncate_signed                  0x00000000   Number         0  stubs.o ABSOLUTE
    _printf_truncate_unsigned                0x00000000   Number         0  stubs.o ABSOLUTE
    _printf_u                                0x00000000   Number         0  stubs.o ABSOLUTE
    _printf_wc                               0x00000000   Number         0  stubs.o ABSOLUTE
    _printf_wctomb                           0x00000000   Number         0  stubs.o ABSOLUTE
    _printf_widthprec                        0x00000000   Number         0  stubs.o ABSOLUTE
    _printf_x                                0x00000000   Number         0  stubs.o ABSOLUTE
    __cpp_initialize__aeabi_                  - Undefined Weak Reference
    __cxa_finalize                            - Undefined Weak Reference
    _clock_init                               - Undefined Weak Reference
    _microlib_exit                            - Undefined Weak Reference
    __Vectors_Size                           0x000000ec   Number         0  startup_stm32f10x_md.o ABSOLUTE
    __Vectors                                0x08000000   Data           4  startup_stm32f10x_md.o(RESET)
    __Vectors_End                            0x080000ec   Data           0  startup_stm32f10x_md.o(RESET)
    __main                                   0x080000ed   Thumb Code     0  entry.o(.ARM.Collect$$$$00000000)
    _main_stk                                0x080000ed   Thumb Code     0  entry2.o(.ARM.Collect$$$$00000001)
    _main_scatterload                        0x080000f1   Thumb Code     0  entry5.o(.ARM.Collect$$$$00000004)
    __main_after_scatterload                 0x080000f5   Thumb Code     0  entry5.o(.ARM.Collect$$$$00000004)
    _main_clock                              0x080000f5   Thumb Code     0  entry7b.o(.ARM.Collect$$$$00000008)
    _main_cpp_init                           0x080000f5   Thumb Code     0  entry8b.o(.ARM.Collect$$$$0000000A)
    _main_init                               0x080000f5   Thumb Code     0  entry9a.o(.ARM.Collect$$$$0000000B)
    __rt_final_cpp                           0x080000fd   Thumb Code     0  entry10a.o(.ARM.Collect$$$$0000000D)
    __rt_final_exit                          0x080000fd   Thumb Code     0  entry11a.o(.ARM.Collect$$$$0000000F)
    NMI_Handler                              0x08000101   Thumb Code     2  stm32f10x_it.o(.text)
    HardFault_Handler                        0x08000103   Thumb Code     4  stm32f10x_it.o(.text)
    MemManage_Handler                        0x08000107   Thumb Code     4  stm32f10x_it.o(.text)
    BusFault_Handler                         0x0800010b   Thumb Code     4  stm32f10x_it.o(.text)
    UsageFault_Handler                       0x0800010f   Thumb Code     4  stm32f10x_it.o(.text)
    SVC_Handler                              0x08000113   Thumb Code     2  stm32f10x_it.o(.text)
    DebugMon_Handler                         0x08000115   Thumb Code     2  stm32f10x_it.o(.text)
    PendSV_Handler                           0x08000117   Thumb Code     2  stm32f10x_it.o(.text)
    SysTick_Handler                          0x08000119   Thumb Code     2  stm32f10x_it.o(.text)
    Track_back                               0x0800011d   Thumb Code   412  main.o(.text)
    Track_slow                               0x080002b9   Thumb Code   378  main.o(.text)
    Track                                    0x08000433   Thumb Code   400  main.o(.text)
    Judge                                    0x080005c3   Thumb Code   942  main.o(.text)
    Tracking_Init                            0x08000971   Thumb Code    62  main.o(.text)
    main                                     0x080009af   Thumb Code    96  main.o(.text)
    SystemInit                               0x08000b07   Thumb Code    78  system_stm32f10x.o(.text)
    SystemCoreClockUpdate                    0x08000b55   Thumb Code   142  system_stm32f10x.o(.text)
    delay_init                               0x08000c09   Thumb Code    50  delay.o(.text)
    delay_us                                 0x08000c3b   Thumb Code    72  delay.o(.text)
    delay_ms                                 0x08000c83   Thumb Code    72  delay.o(.text)
    NVIC_Configuration                       0x08000cdd   Thumb Code   154  sys.o(.text)
    _sys_exit                                0x08000d79   Thumb Code     4  usart.o(.text)
    fputc                                    0x08000d7d   Thumb Code    24  usart.o(.text)
    uart1_init                               0x08000d95   Thumb Code   124  usart.o(.text)
    USART1_IRQHandler                        0x08000e11   Thumb Code   122  usart.o(.text)
    LED_Init                                 0x08000e9d   Thumb Code    40  led.o(.text)
    Led_Flash                                0x08000ec5   Thumb Code    44  led.o(.text)
    KEY_Init                                 0x08000f01   Thumb Code    34  key.o(.text)
    KEY_Press                                0x08000f23   Thumb Code    68  key.o(.text)
    Incremental_PI_B                         0x08000f75   Thumb Code   114  control.o(.text)
    Incremental_PI_A                         0x08000fe7   Thumb Code   114  control.o(.text)
    TIM3_IRQHandler                          0x08001059   Thumb Code   226  control.o(.text)
    Kinematic_Analysis                       0x0800113b   Thumb Code    14  control.o(.text)
    Encoder_Init_TIM2                        0x0800119d   Thumb Code   154  encoder.o(.text)
    Encoder_Init_TIM4                        0x08001237   Thumb Code   148  encoder.o(.text)
    Read_Encoder                             0x080012cb   Thumb Code    74  encoder.o(.text)
    TIM4_IRQHandler                          0x08001315   Thumb Code    24  encoder.o(.text)
    TIM2_IRQHandler                          0x0800132d   Thumb Code    24  encoder.o(.text)
    Motor_Init                               0x08001355   Thumb Code    40  motor.o(.text)
    myabs                                    0x0800137d   Thumb Code    14  motor.o(.text)
    Set_Pwm                                  0x0800138b   Thumb Code   102  motor.o(.text)
    Xianfu_Pwm                               0x080013f1   Thumb Code    70  motor.o(.text)
    Turn_Off                                 0x08001437   Thumb Code    34  motor.o(.text)
    TIM1_PWM_Init                            0x0800147d   Thumb Code   160  pwm.o(.text)
    Timer3_Init                              0x08001525   Thumb Code    60  timer.o(.text)
    OLED_IIC_Start                           0x08001565   Thumb Code    44  oled.o(.text)
    OLED_IIC_Stop                            0x08001591   Thumb Code    34  oled.o(.text)
    OLED_IIC_Wait_Ack                        0x080015b3   Thumb Code    24  oled.o(.text)
    OLED_Write_IIC_Byte                      0x080015cb   Thumb Code    88  oled.o(.text)
    OLED_Write_IIC_Command                   0x08001623   Thumb Code    44  oled.o(.text)
    OLED_Write_IIC_Data                      0x0800164f   Thumb Code    44  oled.o(.text)
    OLED_WR_Byte                             0x0800167b   Thumb Code    24  oled.o(.text)
    fill_picture                             0x08001693   Thumb Code    64  oled.o(.text)
    Delay_50ms                               0x080016d3   Thumb Code    22  oled.o(.text)
    Delay_1ms                                0x080016e9   Thumb Code    26  oled.o(.text)
    OLED_Set_Pos                             0x08001703   Thumb Code    40  oled.o(.text)
    OLED_Display_On                          0x0800172b   Thumb Code    28  oled.o(.text)
    OLED_Display_Off                         0x08001747   Thumb Code    28  oled.o(.text)
    OLED_Clear                               0x08001763   Thumb Code    62  oled.o(.text)
    OLED_On                                  0x080017a1   Thumb Code    62  oled.o(.text)
    OLED_ShowChar                            0x080017df   Thumb Code   154  oled.o(.text)
    oled_pow                                 0x08001879   Thumb Code    22  oled.o(.text)
    OLED_ShowNumber                          0x0800188f   Thumb Code   136  oled.o(.text)
    OLED_ShowString                          0x08001917   Thumb Code    66  oled.o(.text)
    OLED_ShowCHinese                         0x08001959   Thumb Code    98  oled.o(.text)
    OLED_DrawBMP                             0x080019bb   Thumb Code   118  oled.o(.text)
    OLED_Float                               0x08001a31   Thumb Code   442  oled.o(.text)
    OLED_Float2                              0x08001beb   Thumb Code   366  oled.o(.text)
    OLED_Num_write                           0x08001d59   Thumb Code    62  oled.o(.text)
    OLED_fuhao_write                         0x08001d97   Thumb Code    58  oled.o(.text)
    OLED_Num2                                0x08001dd1   Thumb Code   156  oled.o(.text)
    OLED_Num3                                0x08001e6d   Thumb Code   200  oled.o(.text)
    OLED_Num4                                0x08001f35   Thumb Code   134  oled.o(.text)
    OLED_Num5                                0x08001fbb   Thumb Code   152  oled.o(.text)
    OLED_Init                                0x08002053   Thumb Code   294  oled.o(.text)
    oled_first_show                          0x08002179   Thumb Code    52  oled.o(.text)
    oled_show                                0x080021ad   Thumb Code    94  oled.o(.text)
    SR04_Configuration                       0x08002239   Thumb Code   100  sr04.o(.text)
    EXTI15_10_IRQHandler                     0x0800229d   Thumb Code   192  sr04.o(.text)
    SR04_StartMeasure                        0x0800235d   Thumb Code    30  sr04.o(.text)
    uart2_init                               0x0800239d   Thumb Code   126  usart2.o(.text)
    uart3_init                               0x0800241b   Thumb Code   130  usart2.o(.text)
    USART3_IRQHandler                        0x0800249d   Thumb Code    14  usart2.o(.text)
    BluetoothCMD                             0x080024ab   Thumb Code    36  usart2.o(.text)
    USART2_IRQHandler                        0x080024cf   Thumb Code    32  usart2.o(.text)
    Reset_Handler                            0x0800250d   Thumb Code     8  startup_stm32f10x_md.o(.text)
    ADC1_2_IRQHandler                        0x08002527   Thumb Code     0  startup_stm32f10x_md.o(.text)
    CAN1_RX1_IRQHandler                      0x08002527   Thumb Code     0  startup_stm32f10x_md.o(.text)
    CAN1_SCE_IRQHandler                      0x08002527   Thumb Code     0  startup_stm32f10x_md.o(.text)
    DMA1_Channel1_IRQHandler                 0x08002527   Thumb Code     0  startup_stm32f10x_md.o(.text)
    DMA1_Channel2_IRQHandler                 0x08002527   Thumb Code     0  startup_stm32f10x_md.o(.text)
    DMA1_Channel3_IRQHandler                 0x08002527   Thumb Code     0  startup_stm32f10x_md.o(.text)
    DMA1_Channel4_IRQHandler                 0x08002527   Thumb Code     0  startup_stm32f10x_md.o(.text)
    DMA1_Channel5_IRQHandler                 0x08002527   Thumb Code     0  startup_stm32f10x_md.o(.text)
    DMA1_Channel6_IRQHandler                 0x08002527   Thumb Code     0  startup_stm32f10x_md.o(.text)
    DMA1_Channel7_IRQHandler                 0x08002527   Thumb Code     0  startup_stm32f10x_md.o(.text)
    EXTI0_IRQHandler                         0x08002527   Thumb Code     0  startup_stm32f10x_md.o(.text)
    EXTI1_IRQHandler                         0x08002527   Thumb Code     0  startup_stm32f10x_md.o(.text)
    EXTI2_IRQHandler                         0x08002527   Thumb Code     0  startup_stm32f10x_md.o(.text)
    EXTI3_IRQHandler                         0x08002527   Thumb Code     0  startup_stm32f10x_md.o(.text)
    EXTI4_IRQHandler                         0x08002527   Thumb Code     0  startup_stm32f10x_md.o(.text)
    EXTI9_5_IRQHandler                       0x08002527   Thumb Code     0  startup_stm32f10x_md.o(.text)
    FLASH_IRQHandler                         0x08002527   Thumb Code     0  startup_stm32f10x_md.o(.text)
    I2C1_ER_IRQHandler                       0x08002527   Thumb Code     0  startup_stm32f10x_md.o(.text)
    I2C1_EV_IRQHandler                       0x08002527   Thumb Code     0  startup_stm32f10x_md.o(.text)
    I2C2_ER_IRQHandler                       0x08002527   Thumb Code     0  startup_stm32f10x_md.o(.text)
    I2C2_EV_IRQHandler                       0x08002527   Thumb Code     0  startup_stm32f10x_md.o(.text)
    PVD_IRQHandler                           0x08002527   Thumb Code     0  startup_stm32f10x_md.o(.text)
    RCC_IRQHandler                           0x08002527   Thumb Code     0  startup_stm32f10x_md.o(.text)
    RTCAlarm_IRQHandler                      0x08002527   Thumb Code     0  startup_stm32f10x_md.o(.text)
    RTC_IRQHandler                           0x08002527   Thumb Code     0  startup_stm32f10x_md.o(.text)
    SPI1_IRQHandler                          0x08002527   Thumb Code     0  startup_stm32f10x_md.o(.text)
    SPI2_IRQHandler                          0x08002527   Thumb Code     0  startup_stm32f10x_md.o(.text)
    TAMPER_IRQHandler                        0x08002527   Thumb Code     0  startup_stm32f10x_md.o(.text)
    TIM1_BRK_IRQHandler                      0x08002527   Thumb Code     0  startup_stm32f10x_md.o(.text)
    TIM1_CC_IRQHandler                       0x08002527   Thumb Code     0  startup_stm32f10x_md.o(.text)
    TIM1_TRG_COM_IRQHandler                  0x08002527   Thumb Code     0  startup_stm32f10x_md.o(.text)
    TIM1_UP_IRQHandler                       0x08002527   Thumb Code     0  startup_stm32f10x_md.o(.text)
    USBWakeUp_IRQHandler                     0x08002527   Thumb Code     0  startup_stm32f10x_md.o(.text)
    USB_HP_CAN1_TX_IRQHandler                0x08002527   Thumb Code     0  startup_stm32f10x_md.o(.text)
    USB_LP_CAN1_RX0_IRQHandler               0x08002527   Thumb Code     0  startup_stm32f10x_md.o(.text)
    WWDG_IRQHandler                          0x08002527   Thumb Code     0  startup_stm32f10x_md.o(.text)
    NVIC_PriorityGroupConfig                 0x08002531   Thumb Code    10  misc.o(.text)
    NVIC_Init                                0x0800253b   Thumb Code   100  misc.o(.text)
    NVIC_SetVectorTable                      0x0800259f   Thumb Code    14  misc.o(.text)
    NVIC_SystemLPConfig                      0x080025ad   Thumb Code    34  misc.o(.text)
    SysTick_CLKSourceConfig                  0x080025cf   Thumb Code    40  misc.o(.text)
    EXTI_DeInit                              0x0800260d   Thumb Code    28  stm32f10x_exti.o(.text)
    EXTI_Init                                0x08002629   Thumb Code   142  stm32f10x_exti.o(.text)
    EXTI_StructInit                          0x080026b7   Thumb Code    16  stm32f10x_exti.o(.text)
    EXTI_GenerateSWInterrupt                 0x080026c7   Thumb Code    16  stm32f10x_exti.o(.text)
    EXTI_GetFlagStatus                       0x080026d7   Thumb Code    22  stm32f10x_exti.o(.text)
    EXTI_ClearFlag                           0x080026ed   Thumb Code     8  stm32f10x_exti.o(.text)
    EXTI_GetITStatus                         0x080026f5   Thumb Code    34  stm32f10x_exti.o(.text)
    EXTI_ClearITPendingBit                   0x08002717   Thumb Code     8  stm32f10x_exti.o(.text)
    GPIO_DeInit                              0x08002729   Thumb Code   172  stm32f10x_gpio.o(.text)
    GPIO_AFIODeInit                          0x080027d5   Thumb Code    20  stm32f10x_gpio.o(.text)
    GPIO_Init                                0x080027e9   Thumb Code   278  stm32f10x_gpio.o(.text)
    GPIO_StructInit                          0x080028ff   Thumb Code    16  stm32f10x_gpio.o(.text)
    GPIO_ReadInputDataBit                    0x0800290f   Thumb Code    18  stm32f10x_gpio.o(.text)
    GPIO_ReadInputData                       0x08002921   Thumb Code     8  stm32f10x_gpio.o(.text)
    GPIO_ReadOutputDataBit                   0x08002929   Thumb Code    18  stm32f10x_gpio.o(.text)
    GPIO_ReadOutputData                      0x0800293b   Thumb Code     8  stm32f10x_gpio.o(.text)
    GPIO_SetBits                             0x08002943   Thumb Code     4  stm32f10x_gpio.o(.text)
    GPIO_ResetBits                           0x08002947   Thumb Code     4  stm32f10x_gpio.o(.text)
    GPIO_WriteBit                            0x0800294b   Thumb Code    10  stm32f10x_gpio.o(.text)
    GPIO_Write                               0x08002955   Thumb Code     4  stm32f10x_gpio.o(.text)
    GPIO_PinLockConfig                       0x08002959   Thumb Code    18  stm32f10x_gpio.o(.text)
    GPIO_EventOutputConfig                   0x0800296b   Thumb Code    26  stm32f10x_gpio.o(.text)
    GPIO_EventOutputCmd                      0x08002985   Thumb Code     6  stm32f10x_gpio.o(.text)
    GPIO_PinRemapConfig                      0x0800298b   Thumb Code   138  stm32f10x_gpio.o(.text)
    GPIO_EXTILineConfig                      0x08002a15   Thumb Code    66  stm32f10x_gpio.o(.text)
    GPIO_ETH_MediaInterfaceConfig            0x08002a57   Thumb Code     8  stm32f10x_gpio.o(.text)
    RCC_DeInit                               0x08002a85   Thumb Code    64  stm32f10x_rcc.o(.text)
    RCC_HSEConfig                            0x08002ac5   Thumb Code    70  stm32f10x_rcc.o(.text)
    RCC_GetFlagStatus                        0x08002b0b   Thumb Code    56  stm32f10x_rcc.o(.text)
    RCC_WaitForHSEStartUp                    0x08002b43   Thumb Code    56  stm32f10x_rcc.o(.text)
    RCC_AdjustHSICalibrationValue            0x08002b7b   Thumb Code    20  stm32f10x_rcc.o(.text)
    RCC_HSICmd                               0x08002b8f   Thumb Code     6  stm32f10x_rcc.o(.text)
    RCC_PLLConfig                            0x08002b95   Thumb Code    24  stm32f10x_rcc.o(.text)
    RCC_PLLCmd                               0x08002bad   Thumb Code     6  stm32f10x_rcc.o(.text)
    RCC_SYSCLKConfig                         0x08002bb3   Thumb Code    18  stm32f10x_rcc.o(.text)
    RCC_GetSYSCLKSource                      0x08002bc5   Thumb Code    10  stm32f10x_rcc.o(.text)
    RCC_HCLKConfig                           0x08002bcf   Thumb Code    18  stm32f10x_rcc.o(.text)
    RCC_PCLK1Config                          0x08002be1   Thumb Code    18  stm32f10x_rcc.o(.text)
    RCC_PCLK2Config                          0x08002bf3   Thumb Code    20  stm32f10x_rcc.o(.text)
    RCC_ITConfig                             0x08002c07   Thumb Code    26  stm32f10x_rcc.o(.text)
    RCC_USBCLKConfig                         0x08002c21   Thumb Code     8  stm32f10x_rcc.o(.text)
    RCC_ADCCLKConfig                         0x08002c29   Thumb Code    18  stm32f10x_rcc.o(.text)
    RCC_LSEConfig                            0x08002c3b   Thumb Code    50  stm32f10x_rcc.o(.text)
    RCC_LSICmd                               0x08002c6d   Thumb Code     6  stm32f10x_rcc.o(.text)
    RCC_RTCCLKConfig                         0x08002c73   Thumb Code    12  stm32f10x_rcc.o(.text)
    RCC_RTCCLKCmd                            0x08002c7f   Thumb Code     8  stm32f10x_rcc.o(.text)
    RCC_GetClocksFreq                        0x08002c87   Thumb Code   192  stm32f10x_rcc.o(.text)
    RCC_AHBPeriphClockCmd                    0x08002d47   Thumb Code    26  stm32f10x_rcc.o(.text)
    RCC_APB2PeriphClockCmd                   0x08002d61   Thumb Code    26  stm32f10x_rcc.o(.text)
    RCC_APB1PeriphClockCmd                   0x08002d7b   Thumb Code    26  stm32f10x_rcc.o(.text)
    RCC_APB2PeriphResetCmd                   0x08002d95   Thumb Code    26  stm32f10x_rcc.o(.text)
    RCC_APB1PeriphResetCmd                   0x08002daf   Thumb Code    26  stm32f10x_rcc.o(.text)
    RCC_BackupResetCmd                       0x08002dc9   Thumb Code     8  stm32f10x_rcc.o(.text)
    RCC_ClockSecuritySystemCmd               0x08002dd1   Thumb Code     6  stm32f10x_rcc.o(.text)
    RCC_MCOConfig                            0x08002dd7   Thumb Code     6  stm32f10x_rcc.o(.text)
    RCC_ClearFlag                            0x08002ddd   Thumb Code    14  stm32f10x_rcc.o(.text)
    RCC_GetITStatus                          0x08002deb   Thumb Code    20  stm32f10x_rcc.o(.text)
    RCC_ClearITPendingBit                    0x08002dff   Thumb Code     6  stm32f10x_rcc.o(.text)
    TIM_DeInit                               0x08002e29   Thumb Code   424  stm32f10x_tim.o(.text)
    TIM_TimeBaseInit                         0x08002fd1   Thumb Code   122  stm32f10x_tim.o(.text)
    TIM_OC1Init                              0x0800304b   Thumb Code   132  stm32f10x_tim.o(.text)
    TIM_OC2Init                              0x080030cf   Thumb Code   154  stm32f10x_tim.o(.text)
    TIM_OC3Init                              0x08003169   Thumb Code   150  stm32f10x_tim.o(.text)
    TIM_OC4Init                              0x080031ff   Thumb Code   182  stm32f10x_tim.o(.text)
    TIM_SetIC4Prescaler                      0x080032b5   Thumb Code    26  stm32f10x_tim.o(.text)
    TIM_SetIC3Prescaler                      0x08003351   Thumb Code    18  stm32f10x_tim.o(.text)
    TIM_SetIC2Prescaler                      0x080033dd   Thumb Code    26  stm32f10x_tim.o(.text)
    TIM_SetIC1Prescaler                      0x08003479   Thumb Code    18  stm32f10x_tim.o(.text)
    TIM_ICInit                               0x080034f7   Thumb Code   150  stm32f10x_tim.o(.text)
    TIM_PWMIConfig                           0x0800358d   Thumb Code   124  stm32f10x_tim.o(.text)
    TIM_BDTRConfig                           0x08003609   Thumb Code    32  stm32f10x_tim.o(.text)
    TIM_TimeBaseStructInit                   0x08003629   Thumb Code    18  stm32f10x_tim.o(.text)
    TIM_OCStructInit                         0x0800363b   Thumb Code    20  stm32f10x_tim.o(.text)
    TIM_ICStructInit                         0x0800364f   Thumb Code    18  stm32f10x_tim.o(.text)
    TIM_BDTRStructInit                       0x08003661   Thumb Code    40  stm32f10x_tim.o(.text)
    TIM_Cmd                                  0x08003689   Thumb Code    24  stm32f10x_tim.o(.text)
    TIM_CtrlPWMOutputs                       0x080036a1   Thumb Code    30  stm32f10x_tim.o(.text)
    TIM_ITConfig                             0x080036bf   Thumb Code    18  stm32f10x_tim.o(.text)
    TIM_GenerateEvent                        0x080036d1   Thumb Code     4  stm32f10x_tim.o(.text)
    TIM_DMAConfig                            0x080036d5   Thumb Code    10  stm32f10x_tim.o(.text)
    TIM_DMACmd                               0x080036df   Thumb Code    18  stm32f10x_tim.o(.text)
    TIM_InternalClockConfig                  0x080036f1   Thumb Code    12  stm32f10x_tim.o(.text)
    TIM_SelectInputTrigger                   0x080036fd   Thumb Code    18  stm32f10x_tim.o(.text)
    TIM_ITRxExternalClockConfig              0x0800370f   Thumb Code    24  stm32f10x_tim.o(.text)
    TIM_TIxExternalClockConfig               0x08003727   Thumb Code    62  stm32f10x_tim.o(.text)
    TIM_ETRConfig                            0x08003765   Thumb Code    28  stm32f10x_tim.o(.text)
    TIM_ETRClockMode1Config                  0x08003781   Thumb Code    54  stm32f10x_tim.o(.text)
    TIM_ETRClockMode2Config                  0x080037b7   Thumb Code    32  stm32f10x_tim.o(.text)
    TIM_PrescalerConfig                      0x080037d7   Thumb Code     6  stm32f10x_tim.o(.text)
    TIM_CounterModeConfig                    0x080037dd   Thumb Code    18  stm32f10x_tim.o(.text)
    TIM_EncoderInterfaceConfig               0x080037ef   Thumb Code    66  stm32f10x_tim.o(.text)
    TIM_ForcedOC1Config                      0x08003831   Thumb Code    18  stm32f10x_tim.o(.text)
    TIM_ForcedOC2Config                      0x08003843   Thumb Code    26  stm32f10x_tim.o(.text)
    TIM_ForcedOC3Config                      0x0800385d   Thumb Code    18  stm32f10x_tim.o(.text)
    TIM_ForcedOC4Config                      0x0800386f   Thumb Code    26  stm32f10x_tim.o(.text)
    TIM_ARRPreloadConfig                     0x08003889   Thumb Code    24  stm32f10x_tim.o(.text)
    TIM_SelectCOM                            0x080038a1   Thumb Code    24  stm32f10x_tim.o(.text)
    TIM_SelectCCDMA                          0x080038b9   Thumb Code    24  stm32f10x_tim.o(.text)
    TIM_CCPreloadControl                     0x080038d1   Thumb Code    24  stm32f10x_tim.o(.text)
    TIM_OC1PreloadConfig                     0x080038e9   Thumb Code    18  stm32f10x_tim.o(.text)
    TIM_OC2PreloadConfig                     0x080038fb   Thumb Code    26  stm32f10x_tim.o(.text)
    TIM_OC3PreloadConfig                     0x08003915   Thumb Code    18  stm32f10x_tim.o(.text)
    TIM_OC4PreloadConfig                     0x08003927   Thumb Code    26  stm32f10x_tim.o(.text)
    TIM_OC1FastConfig                        0x08003941   Thumb Code    18  stm32f10x_tim.o(.text)
    TIM_OC2FastConfig                        0x08003953   Thumb Code    26  stm32f10x_tim.o(.text)
    TIM_OC3FastConfig                        0x0800396d   Thumb Code    18  stm32f10x_tim.o(.text)
    TIM_OC4FastConfig                        0x0800397f   Thumb Code    26  stm32f10x_tim.o(.text)
    TIM_ClearOC1Ref                          0x08003999   Thumb Code    18  stm32f10x_tim.o(.text)
    TIM_ClearOC2Ref                          0x080039ab   Thumb Code    24  stm32f10x_tim.o(.text)
    TIM_ClearOC3Ref                          0x080039c3   Thumb Code    18  stm32f10x_tim.o(.text)
    TIM_ClearOC4Ref                          0x080039d5   Thumb Code    24  stm32f10x_tim.o(.text)
    TIM_OC1PolarityConfig                    0x080039ed   Thumb Code    18  stm32f10x_tim.o(.text)
    TIM_OC1NPolarityConfig                   0x080039ff   Thumb Code    18  stm32f10x_tim.o(.text)
    TIM_OC2PolarityConfig                    0x08003a11   Thumb Code    26  stm32f10x_tim.o(.text)
    TIM_OC2NPolarityConfig                   0x08003a2b   Thumb Code    26  stm32f10x_tim.o(.text)
    TIM_OC3PolarityConfig                    0x08003a45   Thumb Code    26  stm32f10x_tim.o(.text)
    TIM_OC3NPolarityConfig                   0x08003a5f   Thumb Code    26  stm32f10x_tim.o(.text)
    TIM_OC4PolarityConfig                    0x08003a79   Thumb Code    26  stm32f10x_tim.o(.text)
    TIM_CCxCmd                               0x08003a93   Thumb Code    30  stm32f10x_tim.o(.text)
    TIM_CCxNCmd                              0x08003ab1   Thumb Code    30  stm32f10x_tim.o(.text)
    TIM_SelectOCxM                           0x08003acf   Thumb Code    82  stm32f10x_tim.o(.text)
    TIM_UpdateDisableConfig                  0x08003b21   Thumb Code    24  stm32f10x_tim.o(.text)
    TIM_UpdateRequestConfig                  0x08003b39   Thumb Code    24  stm32f10x_tim.o(.text)
    TIM_SelectHallSensor                     0x08003b51   Thumb Code    24  stm32f10x_tim.o(.text)
    TIM_SelectOnePulseMode                   0x08003b69   Thumb Code    18  stm32f10x_tim.o(.text)
    TIM_SelectOutputTrigger                  0x08003b7b   Thumb Code    18  stm32f10x_tim.o(.text)
    TIM_SelectSlaveMode                      0x08003b8d   Thumb Code    18  stm32f10x_tim.o(.text)
    TIM_SelectMasterSlaveMode                0x08003b9f   Thumb Code    18  stm32f10x_tim.o(.text)
    TIM_SetCounter                           0x08003bb1   Thumb Code     4  stm32f10x_tim.o(.text)
    TIM_SetAutoreload                        0x08003bb5   Thumb Code     4  stm32f10x_tim.o(.text)
    TIM_SetCompare1                          0x08003bb9   Thumb Code     4  stm32f10x_tim.o(.text)
    TIM_SetCompare2                          0x08003bbd   Thumb Code     4  stm32f10x_tim.o(.text)
    TIM_SetCompare3                          0x08003bc1   Thumb Code     4  stm32f10x_tim.o(.text)
    TIM_SetCompare4                          0x08003bc5   Thumb Code     6  stm32f10x_tim.o(.text)
    TIM_SetClockDivision                     0x08003bcb   Thumb Code    18  stm32f10x_tim.o(.text)
    TIM_GetCapture1                          0x08003bdd   Thumb Code     6  stm32f10x_tim.o(.text)
    TIM_GetCapture2                          0x08003be3   Thumb Code     6  stm32f10x_tim.o(.text)
    TIM_GetCapture3                          0x08003be9   Thumb Code     6  stm32f10x_tim.o(.text)
    TIM_GetCapture4                          0x08003bef   Thumb Code     8  stm32f10x_tim.o(.text)
    TIM_GetCounter                           0x08003bf7   Thumb Code     6  stm32f10x_tim.o(.text)
    TIM_GetPrescaler                         0x08003bfd   Thumb Code     6  stm32f10x_tim.o(.text)
    TIM_GetFlagStatus                        0x08003c03   Thumb Code    18  stm32f10x_tim.o(.text)
    TIM_ClearFlag                            0x08003c15   Thumb Code     6  stm32f10x_tim.o(.text)
    TIM_GetITStatus                          0x08003c1b   Thumb Code    34  stm32f10x_tim.o(.text)
    TIM_ClearITPendingBit                    0x08003c3d   Thumb Code     6  stm32f10x_tim.o(.text)
    USART_DeInit                             0x08003c45   Thumb Code   134  stm32f10x_usart.o(.text)
    USART_Init                               0x08003ccb   Thumb Code   210  stm32f10x_usart.o(.text)
    USART_StructInit                         0x08003d9d   Thumb Code    24  stm32f10x_usart.o(.text)
    USART_ClockInit                          0x08003db5   Thumb Code    34  stm32f10x_usart.o(.text)
    USART_ClockStructInit                    0x08003dd7   Thumb Code    12  stm32f10x_usart.o(.text)
    USART_Cmd                                0x08003de3   Thumb Code    24  stm32f10x_usart.o(.text)
    USART_ITConfig                           0x08003dfb   Thumb Code    74  stm32f10x_usart.o(.text)
    USART_DMACmd                             0x08003e45   Thumb Code    18  stm32f10x_usart.o(.text)
    USART_SetAddress                         0x08003e57   Thumb Code    18  stm32f10x_usart.o(.text)
    USART_WakeUpConfig                       0x08003e69   Thumb Code    18  stm32f10x_usart.o(.text)
    USART_ReceiverWakeUpCmd                  0x08003e7b   Thumb Code    24  stm32f10x_usart.o(.text)
    USART_LINBreakDetectLengthConfig         0x08003e93   Thumb Code    18  stm32f10x_usart.o(.text)
    USART_LINCmd                             0x08003ea5   Thumb Code    24  stm32f10x_usart.o(.text)
    USART_SendData                           0x08003ebd   Thumb Code     8  stm32f10x_usart.o(.text)
    USART_ReceiveData                        0x08003ec5   Thumb Code    10  stm32f10x_usart.o(.text)
    USART_SendBreak                          0x08003ecf   Thumb Code    10  stm32f10x_usart.o(.text)
    USART_SetGuardTime                       0x08003ed9   Thumb Code    16  stm32f10x_usart.o(.text)
    USART_SetPrescaler                       0x08003ee9   Thumb Code    16  stm32f10x_usart.o(.text)
    USART_SmartCardCmd                       0x08003ef9   Thumb Code    24  stm32f10x_usart.o(.text)
    USART_SmartCardNACKCmd                   0x08003f11   Thumb Code    24  stm32f10x_usart.o(.text)
    USART_HalfDuplexCmd                      0x08003f29   Thumb Code    24  stm32f10x_usart.o(.text)
    USART_OverSampling8Cmd                   0x08003f41   Thumb Code    22  stm32f10x_usart.o(.text)
    USART_OneBitMethodCmd                    0x08003f57   Thumb Code    24  stm32f10x_usart.o(.text)
    USART_IrDAConfig                         0x08003f6f   Thumb Code    18  stm32f10x_usart.o(.text)
    USART_IrDACmd                            0x08003f81   Thumb Code    24  stm32f10x_usart.o(.text)
    USART_GetFlagStatus                      0x08003f99   Thumb Code    26  stm32f10x_usart.o(.text)
    USART_ClearFlag                          0x08003fb3   Thumb Code    18  stm32f10x_usart.o(.text)
    USART_GetITStatus                        0x08003fc5   Thumb Code    84  stm32f10x_usart.o(.text)
    USART_ClearITPendingBit                  0x08004019   Thumb Code    52  stm32f10x_usart.o(.text)
    __aeabi_fadd                             0x0800404d   Thumb Code   164  fadd.o(.text)
    __aeabi_fsub                             0x080040f1   Thumb Code     6  fadd.o(.text)
    __aeabi_frsub                            0x080040f7   Thumb Code     6  fadd.o(.text)
    __aeabi_fmul                             0x080040fd   Thumb Code   100  fmul.o(.text)
    __aeabi_fdiv                             0x08004161   Thumb Code   124  fdiv.o(.text)
    __aeabi_dadd                             0x080041dd   Thumb Code   322  dadd.o(.text)
    __aeabi_dsub                             0x0800431f   Thumb Code     6  dadd.o(.text)
    __aeabi_drsub                            0x08004325   Thumb Code     6  dadd.o(.text)
    __aeabi_dmul                             0x0800432b   Thumb Code   228  dmul.o(.text)
    __aeabi_ddiv                             0x0800440f   Thumb Code   222  ddiv.o(.text)
    __aeabi_i2f                              0x080044ed   Thumb Code    18  fflti.o(.text)
    __aeabi_ui2f                             0x080044ff   Thumb Code    10  ffltui.o(.text)
    __aeabi_i2d                              0x08004509   Thumb Code    34  dflti.o(.text)
    __aeabi_ui2d                             0x0800452b   Thumb Code    26  dfltui.o(.text)
    __aeabi_f2iz                             0x08004545   Thumb Code    50  ffixi.o(.text)
    __aeabi_d2iz                             0x08004577   Thumb Code    62  dfixi.o(.text)
    __aeabi_d2uiz                            0x080045b5   Thumb Code    50  dfixui.o(.text)
    __aeabi_f2d                              0x080045e7   Thumb Code    38  f2d.o(.text)
    __aeabi_cdcmpeq                          0x0800460d   Thumb Code     0  cdcmple.o(.text)
    __aeabi_cdcmple                          0x0800460d   Thumb Code    48  cdcmple.o(.text)
    __aeabi_d2f                              0x0800463d   Thumb Code    56  d2f.o(.text)
    __aeabi_llsl                             0x08004675   Thumb Code    30  llshl.o(.text)
    _ll_shift_l                              0x08004675   Thumb Code     0  llshl.o(.text)
    __aeabi_llsr                             0x08004693   Thumb Code    32  llushr.o(.text)
    _ll_ushift_r                             0x08004693   Thumb Code     0  llushr.o(.text)
    __aeabi_lasr                             0x080046b3   Thumb Code    36  llsshr.o(.text)
    _ll_sshift_r                             0x080046b3   Thumb Code     0  llsshr.o(.text)
    __I$use$fp                               0x080046d7   Thumb Code     0  iusefp.o(.text)
    _float_round                             0x080046d7   Thumb Code    18  fepilogue.o(.text)
    _float_epilogue                          0x080046e9   Thumb Code    92  fepilogue.o(.text)
    _double_round                            0x08004745   Thumb Code    30  depilogue.o(.text)
    _double_epilogue                         0x08004763   Thumb Code   156  depilogue.o(.text)
    __scatterload                            0x08004801   Thumb Code    28  init.o(.text)
    __scatterload_rt2                        0x08004801   Thumb Code     0  init.o(.text)
    __decompress                             0x08004825   Thumb Code     0  __dczerorl2.o(.text)
    __decompress1                            0x08004825   Thumb Code    86  __dczerorl2.o(.text)
    __scatterload_copy                       0x0800487b   Thumb Code    14  handlers.o(i.__scatterload_copy)
    __scatterload_null                       0x08004889   Thumb Code     2  handlers.o(i.__scatterload_null)
    __scatterload_zeroinit                   0x0800488b   Thumb Code    14  handlers.o(i.__scatterload_zeroinit)
    F6x8                                     0x08004898   Data         552  oled.o(.constdata)
    F8X16                                    0x08004ac0   Data        1520  oled.o(.constdata)
    Region$$Table$$Base                      0x080050b0   Number         0  anon$$obj.o(Region$$Table)
    Region$$Table$$Limit                     0x080050d0   Number         0  anon$$obj.o(Region$$Table)
    Voltage                                  0x20000000   Data           4  main.o(.data)
    SR04_Distance                            0x20000004   Data           4  main.o(.data)
    Encoder_Left                             0x20000008   Data           4  main.o(.data)
    Encoder_Right                            0x2000000c   Data           4  main.o(.data)
    Moto1                                    0x20000010   Data           4  main.o(.data)
    Moto2                                    0x20000014   Data           4  main.o(.data)
    Target_A                                 0x20000018   Data           4  main.o(.data)
    Target_B                                 0x2000001c   Data           4  main.o(.data)
    pitch                                    0x20000020   Data           4  main.o(.data)
    roll                                     0x20000024   Data           4  main.o(.data)
    yaw                                      0x20000028   Data           4  main.o(.data)
    CTRL_MODE                                0x2000002c   Data           1  main.o(.data)
    Mode_Change                              0x2000002d   Data           1  main.o(.data)
    Flag_Direction                           0x2000002e   Data           1  main.o(.data)
    PS2_LX                                   0x20000030   Data           4  main.o(.data)
    PS2_LY                                   0x20000034   Data           4  main.o(.data)
    PS2_RX                                   0x20000038   Data           4  main.o(.data)
    PS2_RY                                   0x2000003c   Data           4  main.o(.data)
    PS2_KEY                                  0x20000040   Data           4  main.o(.data)
    PS2_Plugin                               0x20000044   Data           1  main.o(.data)
    Velocity                                 0x20000048   Data           4  main.o(.data)
    Turn                                     0x2000004c   Data           4  main.o(.data)
    jiance                                   0x20000050   Data           4  main.o(.data)
    TkSensor                                 0x20000054   Data           1  main.o(.data)
    x                                        0x20000058   Data           4  main.o(.data)
    y                                        0x2000005c   Data           4  main.o(.data)
    mode                                     0x20000060   Data           4  main.o(.data)
    flag                                     0x20000064   Data           4  main.o(.data)
    Yaw                                      0x20000068   Data           4  main.o(.data)
    j                                        0x2000006c   Data           4  main.o(.data)
    Track_count                              0x20000070   Data           4  main.o(.data)
    act_i                                    0x20000074   Data           4  main.o(.data)
    Act_i                                    0x20000078   Data           4  main.o(.data)
    temp                                     0x2000007c   Data           4  main.o(.data)
    SystemCoreClock                          0x20000080   Data           4  system_stm32f10x.o(.data)
    AHBPrescTable                            0x20000084   Data          16  system_stm32f10x.o(.data)
    __stdout                                 0x20000098   Data           4  usart.o(.data)
    USART_RX_STA                             0x2000009c   Data           1  usart.o(.data)
    mode_count                               0x200000a4   Data           4  key.o(.data)
    Mode                                     0x200000a8   Data           4  key.o(.data)
    velocity_KP                              0x200000ac   Data           4  control.o(.data)
    velocity_KI                              0x200000b0   Data           4  control.o(.data)
    count                                    0x200000b4   Data           4  control.o(.data)
    Hzk                                      0x200000d4   Data         896  oled.o(.data)
    i                                        0x20000454   Data           4  usart2.o(.data)
    act                                      0x20000458   Data        1200  usart2.o(.data)
    x_i                                      0x20000908   Data           4  usart2.o(.data)
    y_i                                      0x2000090c   Data           4  usart2.o(.data)
    color_i                                  0x20000910   Data           4  usart2.o(.data)
    a_i                                      0x20000914   Data           4  usart2.o(.data)
    t_flag                                   0x20000918   Data           4  usart2.o(.data)
    sensor                                   0x20000930   Data          32  main.o(.bss)
    USART_RX_BUF                             0x20000950   Data          64  usart.o(.bss)
    pos_x                                    0x20000990   Data         800  usart2.o(.bss)
    pos_y                                    0x20000cb0   Data         800  usart2.o(.bss)
    color                                    0x20000fd0   Data         400  usart2.o(.bss)
    __initial_sp                             0x20001880   Data           0  startup_stm32f10x_md.o(STACK)



==============================================================================

Memory Map of the image

  Image Entry point : 0x080000ed

  Load Region LR_IROM1 (Base: 0x08000000, Size: 0x00005a00, Max: 0x00010000, ABSOLUTE, COMPRESSED[0x000052a0])

    Execution Region ER_IROM1 (Base: 0x08000000, Size: 0x000050d0, Max: 0x00010000, ABSOLUTE)

    Base Addr    Size         Type   Attr      Idx    E Section Name        Object

    0x08000000   0x000000ec   Data   RO          565    RESET               startup_stm32f10x_md.o
    0x080000ec   0x00000000   Code   RO          866  * .ARM.Collect$$$$00000000  mc_w.l(entry.o)
    0x080000ec   0x00000004   Code   RO         1211    .ARM.Collect$$$$00000001  mc_w.l(entry2.o)
    0x080000f0   0x00000004   Code   RO         1214    .ARM.Collect$$$$00000004  mc_w.l(entry5.o)
    0x080000f4   0x00000000   Code   RO         1216    .ARM.Collect$$$$00000008  mc_w.l(entry7b.o)
    0x080000f4   0x00000000   Code   RO         1218    .ARM.Collect$$$$0000000A  mc_w.l(entry8b.o)
    0x080000f4   0x00000008   Code   RO         1219    .ARM.Collect$$$$0000000B  mc_w.l(entry9a.o)
    0x080000fc   0x00000000   Code   RO         1221    .ARM.Collect$$$$0000000D  mc_w.l(entry10a.o)
    0x080000fc   0x00000000   Code   RO         1223    .ARM.Collect$$$$0000000F  mc_w.l(entry11a.o)
    0x080000fc   0x00000004   Code   RO         1212    .ARM.Collect$$$$00002712  mc_w.l(entry2.o)
    0x08000100   0x0000001a   Code   RO            1    .text               stm32f10x_it.o
    0x0800011a   0x00000002   PAD
    0x0800011c   0x0000090c   Code   RO          104    .text               main.o
    0x08000a28   0x000001e0   Code   RO          225    .text               system_stm32f10x.o
    0x08000c08   0x000000d4   Code   RO          243    .text               delay.o
    0x08000cdc   0x0000009a   Code   RO          261    .text               sys.o
    0x08000d76   0x00000002   PAD
    0x08000d78   0x00000124   Code   RO          273    .text               usart.o
    0x08000e9c   0x00000064   Code   RO          304    .text               led.o
    0x08000f00   0x00000074   Code   RO          317    .text               key.o
    0x08000f74   0x00000228   Code   RO          333    .text               control.o
    0x0800119c   0x000001b8   Code   RO          349    .text               encoder.o
    0x08001354   0x00000128   Code   RO          361    .text               motor.o
    0x0800147c   0x000000a8   Code   RO          373    .text               pwm.o
    0x08001524   0x00000040   Code   RO          397    .text               timer.o
    0x08001564   0x00000cd4   Code   RO          409    .text               oled.o
    0x08002238   0x00000164   Code   RO          429    .text               sr04.o
    0x0800239c   0x00000170   Code   RO          460    .text               usart2.o
    0x0800250c   0x00000024   Code   RO          566    .text               startup_stm32f10x_md.o
    0x08002530   0x000000dc   Code   RO          570    .text               misc.o
    0x0800260c   0x0000011c   Code   RO          678    .text               stm32f10x_exti.o
    0x08002728   0x0000035c   Code   RO          714    .text               stm32f10x_gpio.o
    0x08002a84   0x000003a4   Code   RO          762    .text               stm32f10x_rcc.o
    0x08002e28   0x00000e1a   Code   RO          812    .text               stm32f10x_tim.o
    0x08003c42   0x00000002   PAD
    0x08003c44   0x00000408   Code   RO          824    .text               stm32f10x_usart.o
    0x0800404c   0x000000b0   Code   RO         1136    .text               mf_w.l(fadd.o)
    0x080040fc   0x00000064   Code   RO         1138    .text               mf_w.l(fmul.o)
    0x08004160   0x0000007c   Code   RO         1140    .text               mf_w.l(fdiv.o)
    0x080041dc   0x0000014e   Code   RO         1142    .text               mf_w.l(dadd.o)
    0x0800432a   0x000000e4   Code   RO         1144    .text               mf_w.l(dmul.o)
    0x0800440e   0x000000de   Code   RO         1146    .text               mf_w.l(ddiv.o)
    0x080044ec   0x00000012   Code   RO         1148    .text               mf_w.l(fflti.o)
    0x080044fe   0x0000000a   Code   RO         1150    .text               mf_w.l(ffltui.o)
    0x08004508   0x00000022   Code   RO         1152    .text               mf_w.l(dflti.o)
    0x0800452a   0x0000001a   Code   RO         1154    .text               mf_w.l(dfltui.o)
    0x08004544   0x00000032   Code   RO         1156    .text               mf_w.l(ffixi.o)
    0x08004576   0x0000003e   Code   RO         1160    .text               mf_w.l(dfixi.o)
    0x080045b4   0x00000032   Code   RO         1162    .text               mf_w.l(dfixui.o)
    0x080045e6   0x00000026   Code   RO         1164    .text               mf_w.l(f2d.o)
    0x0800460c   0x00000030   Code   RO         1166    .text               mf_w.l(cdcmple.o)
    0x0800463c   0x00000038   Code   RO         1168    .text               mf_w.l(d2f.o)
    0x08004674   0x0000001e   Code   RO         1229    .text               mc_w.l(llshl.o)
    0x08004692   0x00000020   Code   RO         1231    .text               mc_w.l(llushr.o)
    0x080046b2   0x00000024   Code   RO         1233    .text               mc_w.l(llsshr.o)
    0x080046d6   0x00000000   Code   RO         1242    .text               mc_w.l(iusefp.o)
    0x080046d6   0x0000006e   Code   RO         1243    .text               mf_w.l(fepilogue.o)
    0x08004744   0x000000ba   Code   RO         1245    .text               mf_w.l(depilogue.o)
    0x080047fe   0x00000002   PAD
    0x08004800   0x00000024   Code   RO         1253    .text               mc_w.l(init.o)
    0x08004824   0x00000056   Code   RO         1265    .text               mc_w.l(__dczerorl2.o)
    0x0800487a   0x0000000e   Code   RO         1259    i.__scatterload_copy  mc_w.l(handlers.o)
    0x08004888   0x00000002   Code   RO         1260    i.__scatterload_null  mc_w.l(handlers.o)
    0x0800488a   0x0000000e   Code   RO         1261    i.__scatterload_zeroinit  mc_w.l(handlers.o)
    0x08004898   0x00000818   Data   RO          410    .constdata          oled.o
    0x080050b0   0x00000020   Data   RO         1257    Region$$Table       anon$$obj.o


    Execution Region RW_IRAM1 (Base: 0x20000000, Size: 0x00001880, Max: 0x00005000, ABSOLUTE, COMPRESSED[0x000001d0])

    Base Addr    Size         Type   Attr      Idx    E Section Name        Object

    0x20000000   0x00000080   Data   RW          106    .data               main.o
    0x20000080   0x00000014   Data   RW          226    .data               system_stm32f10x.o
    0x20000094   0x00000004   Data   RW          244    .data               delay.o
    0x20000098   0x00000005   Data   RW          275    .data               usart.o
    0x2000009d   0x00000003   PAD
    0x200000a0   0x00000004   Data   RW          305    .data               led.o
    0x200000a4   0x00000008   Data   RW          318    .data               key.o
    0x200000ac   0x00000028   Data   RW          334    .data               control.o
    0x200000d4   0x00000380   Data   RW          411    .data               oled.o
    0x20000454   0x000004c8   Data   RW          462    .data               usart2.o
    0x2000091c   0x00000014   Data   RW          763    .data               stm32f10x_rcc.o
    0x20000930   0x00000020   Zero   RW          105    .bss                main.o
    0x20000950   0x00000040   Zero   RW          274    .bss                usart.o
    0x20000990   0x00000af0   Zero   RW          461    .bss                usart2.o
    0x20001480   0x00000400   Zero   RW          563    STACK               startup_stm32f10x_md.o


==============================================================================

Image component sizes


      Code (inc. data)   RO Data    RW Data    ZI Data      Debug   Object Name

       552         84          0         40          0       1623   control.o
         0          0          0          0          0         32   core_cm3.o
       212         18          0          4          0        967   delay.o
       440         16          0          0          0       1495   encoder.o
       116         14          0          8          0        895   key.o
       100         16          0          4          0        673   led.o
      2316         76          0        128         32     209806   main.o
       220         22          0          0          0       1745   misc.o
       296         36          0          0          0       1231   motor.o
      3284         80       2072        896          0      10189   oled.o
       168          8          0          0          0        704   pwm.o
       356         34          0          0          0        984   sr04.o
        36          8        236          0       1024        764   startup_stm32f10x_md.o
       284         10          0          0          0       2175   stm32f10x_exti.o
       860         38          0          0          0       5589   stm32f10x_gpio.o
        26          0          0          0          0      49066   stm32f10x_it.o
       932         36          0         20          0       8732   stm32f10x_rcc.o
      3610         88          0          0          0      22072   stm32f10x_tim.o
      1032         22          0          0          0       8316   stm32f10x_usart.o
       154          0          0          0          0        557   sys.o
       480         38          0         20          0       1659   system_stm32f10x.o
        64          4          0          0          0        558   timer.o
       292         18          0          5         64       2959   usart.o
       368         30          0       1224       2800       2230   usart2.o

    ----------------------------------------------------------------------
     16204        696       2340       2352       3920     335021   Object Totals
         0          0         32          0          0          0   (incl. Generated)
         6          0          0          3          0          0   (incl. Padding)

    ----------------------------------------------------------------------

      Code (inc. data)   RO Data    RW Data    ZI Data      Debug   Library Member Name

        86          0          0          0          0          0   __dczerorl2.o
         0          0          0          0          0          0   entry.o
         0          0          0          0          0          0   entry10a.o
         0          0          0          0          0          0   entry11a.o
         8          4          0          0          0          0   entry2.o
         4          0          0          0          0          0   entry5.o
         0          0          0          0          0          0   entry7b.o
         0          0          0          0          0          0   entry8b.o
         8          4          0          0          0          0   entry9a.o
        30          0          0          0          0          0   handlers.o
        36          8          0          0          0         68   init.o
         0          0          0          0          0          0   iusefp.o
        30          0          0          0          0         68   llshl.o
        36          0          0          0          0         68   llsshr.o
        32          0          0          0          0         68   llushr.o
        48          0          0          0          0         68   cdcmple.o
        56          0          0          0          0         88   d2f.o
       334          0          0          0          0        148   dadd.o
       222          0          0          0          0        100   ddiv.o
       186          0          0          0          0        176   depilogue.o
        62          0          0          0          0         80   dfixi.o
        50          0          0          0          0         76   dfixui.o
        34          0          0          0          0         76   dflti.o
        26          0          0          0          0         76   dfltui.o
       228          0          0          0          0         96   dmul.o
        38          0          0          0          0         68   f2d.o
       176          0          0          0          0        140   fadd.o
       124          0          0          0          0         88   fdiv.o
       110          0          0          0          0        168   fepilogue.o
        50          0          0          0          0         68   ffixi.o
        18          0          0          0          0         68   fflti.o
        10          0          0          0          0         68   ffltui.o
       100          0          0          0          0         76   fmul.o

    ----------------------------------------------------------------------
      2144         16          0          0          0       2000   Library Totals
         2          0          0          0          0          0   (incl. Padding)

    ----------------------------------------------------------------------

      Code (inc. data)   RO Data    RW Data    ZI Data      Debug   Library Name

       270         16          0          0          0        272   mc_w.l
      1872          0          0          0          0       1728   mf_w.l

    ----------------------------------------------------------------------
      2144         16          0          0          0       2000   Library Totals

    ----------------------------------------------------------------------

==============================================================================


      Code (inc. data)   RO Data    RW Data    ZI Data      Debug   

     18348        712       2340       2352       3920     334393   Grand Totals
     18348        712       2340        464       3920     334393   ELF Image Totals (compressed)
     18348        712       2340        464          0          0   ROM Totals

==============================================================================

    Total RO  Size (Code + RO Data)                20688 (  20.20kB)
    Total RW  Size (RW Data + ZI Data)              6272 (   6.13kB)
    Total ROM Size (Code + RO Data + RW Data)      21152 (  20.66kB)

==============================================================================

